Archive member included to satisfy reference by file (symbol)

/home/emerson/.pico-sdk/toolchain/13_3_Rel1/bin/../lib/gcc/arm-none-eabi/13.3.1/thumb/v6-m/nofp/libgcc.a(_dvmd_tls.o)
                              CMakeFiles/U4C4O12T.dir/home/emerson/.pico-sdk/sdk/2.1.0/src/rp2_common/pico_divider/divider_hardware.S.o (__aeabi_idiv0)
/home/emerson/.pico-sdk/toolchain/13_3_Rel1/bin/../lib/gcc/arm-none-eabi/13.3.1/../../../../arm-none-eabi/lib/thumb/v6-m/nofp/libg.a(libc_a-strlen-stub.o)
                              CMakeFiles/U4C4O12T.dir/home/emerson/.pico-sdk/sdk/2.1.0/src/rp2_common/pico_stdio/stdio.c.o (strlen)
/home/emerson/.pico-sdk/toolchain/13_3_Rel1/bin/../lib/gcc/arm-none-eabi/13.3.1/../../../../arm-none-eabi/lib/thumb/v6-m/nofp/libg.a(libc_a-strncmp.o)
                              CMakeFiles/U4C4O12T.dir/home/emerson/.pico-sdk/sdk/2.1.0/lib/cyw43-driver/src/cyw43_ll.c.o (strncmp)
/home/emerson/.pico-sdk/toolchain/13_3_Rel1/bin/../lib/gcc/arm-none-eabi/13.3.1/../../../../arm-none-eabi/lib/thumb/v6-m/nofp/libg.a(libc_a-malloc.o)
                              CMakeFiles/U4C4O12T.dir/home/emerson/.pico-sdk/sdk/2.1.0/src/rp2_common/pico_malloc/malloc.c.o (malloc)
/home/emerson/.pico-sdk/toolchain/13_3_Rel1/bin/../lib/gcc/arm-none-eabi/13.3.1/../../../../arm-none-eabi/lib/thumb/v6-m/nofp/libg.a(libc_a-mallocr.o)
                              /home/emerson/.pico-sdk/toolchain/13_3_Rel1/bin/../lib/gcc/arm-none-eabi/13.3.1/../../../../arm-none-eabi/lib/thumb/v6-m/nofp/libg.a(libc_a-malloc.o) (_malloc_r)
/home/emerson/.pico-sdk/toolchain/13_3_Rel1/bin/../lib/gcc/arm-none-eabi/13.3.1/../../../../arm-none-eabi/lib/thumb/v6-m/nofp/libg.a(libc_a-lcltime_r.o)
                              CMakeFiles/U4C4O12T.dir/home/emerson/.pico-sdk/sdk/2.1.0/src/common/pico_util/datetime.c.o (localtime_r)
/home/emerson/.pico-sdk/toolchain/13_3_Rel1/bin/../lib/gcc/arm-none-eabi/13.3.1/../../../../arm-none-eabi/lib/thumb/v6-m/nofp/libg.a(libc_a-sbrkr.o)
                              /home/emerson/.pico-sdk/toolchain/13_3_Rel1/bin/../lib/gcc/arm-none-eabi/13.3.1/../../../../arm-none-eabi/lib/thumb/v6-m/nofp/libg.a(libc_a-mallocr.o) (_sbrk_r)
/home/emerson/.pico-sdk/toolchain/13_3_Rel1/bin/../lib/gcc/arm-none-eabi/13.3.1/../../../../arm-none-eabi/lib/thumb/v6-m/nofp/libg.a(libc_a-mktime.o)
                              CMakeFiles/U4C4O12T.dir/home/emerson/.pico-sdk/sdk/2.1.0/src/common/pico_util/datetime.c.o (mktime)
/home/emerson/.pico-sdk/toolchain/13_3_Rel1/bin/../lib/gcc/arm-none-eabi/13.3.1/../../../../arm-none-eabi/lib/thumb/v6-m/nofp/libg.a(libc_a-month_lengths.o)
                              /home/emerson/.pico-sdk/toolchain/13_3_Rel1/bin/../lib/gcc/arm-none-eabi/13.3.1/../../../../arm-none-eabi/lib/thumb/v6-m/nofp/libg.a(libc_a-lcltime_r.o) (__month_lengths)
/home/emerson/.pico-sdk/toolchain/13_3_Rel1/bin/../lib/gcc/arm-none-eabi/13.3.1/../../../../arm-none-eabi/lib/thumb/v6-m/nofp/libg.a(libc_a-tzcalc_limits.o)
                              /home/emerson/.pico-sdk/toolchain/13_3_Rel1/bin/../lib/gcc/arm-none-eabi/13.3.1/../../../../arm-none-eabi/lib/thumb/v6-m/nofp/libg.a(libc_a-lcltime_r.o) (__tzcalc_limits)
/home/emerson/.pico-sdk/toolchain/13_3_Rel1/bin/../lib/gcc/arm-none-eabi/13.3.1/../../../../arm-none-eabi/lib/thumb/v6-m/nofp/libg.a(libc_a-tzlock.o)
                              /home/emerson/.pico-sdk/toolchain/13_3_Rel1/bin/../lib/gcc/arm-none-eabi/13.3.1/../../../../arm-none-eabi/lib/thumb/v6-m/nofp/libg.a(libc_a-lcltime_r.o) (__tz_lock)
/home/emerson/.pico-sdk/toolchain/13_3_Rel1/bin/../lib/gcc/arm-none-eabi/13.3.1/../../../../arm-none-eabi/lib/thumb/v6-m/nofp/libg.a(libc_a-tzset.o)
                              /home/emerson/.pico-sdk/toolchain/13_3_Rel1/bin/../lib/gcc/arm-none-eabi/13.3.1/../../../../arm-none-eabi/lib/thumb/v6-m/nofp/libg.a(libc_a-lcltime_r.o) (_tzset_unlocked)
/home/emerson/.pico-sdk/toolchain/13_3_Rel1/bin/../lib/gcc/arm-none-eabi/13.3.1/../../../../arm-none-eabi/lib/thumb/v6-m/nofp/libg.a(libc_a-mlock.o)
                              /home/emerson/.pico-sdk/toolchain/13_3_Rel1/bin/../lib/gcc/arm-none-eabi/13.3.1/../../../../arm-none-eabi/lib/thumb/v6-m/nofp/libg.a(libc_a-mallocr.o) (__malloc_lock)
/home/emerson/.pico-sdk/toolchain/13_3_Rel1/bin/../lib/gcc/arm-none-eabi/13.3.1/../../../../arm-none-eabi/lib/thumb/v6-m/nofp/libg.a(libc_a-calloc.o)
                              CMakeFiles/U4C4O12T.dir/home/emerson/.pico-sdk/sdk/2.1.0/src/rp2_common/pico_malloc/malloc.c.o (calloc)
/home/emerson/.pico-sdk/toolchain/13_3_Rel1/bin/../lib/gcc/arm-none-eabi/13.3.1/../../../../arm-none-eabi/lib/thumb/v6-m/nofp/libg.a(libc_a-memcmp.o)
                              CMakeFiles/U4C4O12T.dir/home/emerson/.pico-sdk/sdk/2.1.0/src/rp2_common/pico_atomic/atomic.c.o (memcmp)
/home/emerson/.pico-sdk/toolchain/13_3_Rel1/bin/../lib/gcc/arm-none-eabi/13.3.1/../../../../arm-none-eabi/lib/thumb/v6-m/nofp/libg.a(libc_a-callocr.o)
[...]
Memory Configuration

Name             Origin             Length             Attributes
FLASH            0x10000000         0x00200000         xr
RAM              0x20000000         0x00040000         xrw
SCRATCH_X        0x20040000         0x00001000         xrw
SCRATCH_Y        0x20041000         0x00001000         xrw
*default*        0x00000000         0xffffffff

Linker script and memory map

LOAD /home/emerson/.pico-sdk/toolchain/13_3_Rel1/bin/../lib/gcc/arm-none-eabi/13.3.1/thumb/v6-m/nofp/crti.o
LOAD /home/emerson/.pico-sdk/toolchain/13_3_Rel1/bin/../lib/gcc/arm-none-eabi/13.3.1/thumb/v6-m/nofp/crtbegin.o
LOAD /home/emerson/.pico-sdk/toolchain/13_3_Rel1/bin/../lib/gcc/arm-none-eabi/13.3.1/../../../../arm-none-eabi/lib/thumb/v6-m/nofp/crt0.o

.flash_begin    0x10000000        0x0
                0x10000000                        __flash_binary_start = .

.boot2          0x10000000      0x100
                0x10000000                        __boot2_start__ = .
 *(.boot2)
 .boot2         0x10000000      0x100 pico-sdk/src/rp2040/boot_stage2/CMakeFiles/bs2_default_library.dir/bs2_default_padded_checksummed.S.o
                0x10000100                        __boot2_end__ = .
                0x00000001                        ASSERT (((__boot2_end__ - __boot2_start__) == 0x100), ERROR: Pico second stage bootloader must be 256 bytes in size)

.text           0x10000100     0x3c84
                0x10000100                        __logical_binary_start = .
 *(.vectors)
 .vectors       0x10000100       0xd4 CMakeFiles/U4C4O12T.dir/home/emerson/.pico-sdk/sdk/2.1.0/src/rp2_common/pico_crt0/crt0.S.o
                0x10000100                __vectors
                0x10000100                __VECTOR_TABLE
                0x100001c0                isr_invalid
                0x100001c0                __default_isrs_start
                0x100001c2                isr_nmi
                0x100001c4                isr_hardfault
                0x100001c6                isr_svcall
                0x100001c8                isr_pendsv
                0x100001ca                isr_systick
                0x100001cc                isr_irq30
                0x100001cc                __unhandled_user_irq
                0x100001cc                isr_irq13
                0x100001cc                isr_irq27
                0x100001cc                isr_irq31
                0x100001cc                isr_irq5
                0x100001cc                isr_irq11
                0x100001cc                isr_irq23
                0x100001cc                isr_irq18
                0x100001cc                isr_irq28
                0x100001cc                isr_irq19
                0x100001cc                isr_irq0
                0x100001cc                isr_irq6
                0x100001cc                isr_irq22
                0x100001cc                isr_irq17
                0x100001cc                isr_irq14
                0x100001cc                isr_irq2
                0x100001cc                isr_irq10
                0x100001cc                isr_irq8
                0x100001cc                isr_irq24
                0x100001cc                isr_irq1
                0x100001cc                isr_irq7
                0x100001cc                isr_irq21
                0x100001cc                isr_irq20
                0x100001cc                isr_irq15
                0x100001cc                isr_irq25
                0x100001cc                isr_irq4
                0x100001cc                isr_irq16
                0x100001cc                isr_irq29
                0x100001cc                isr_irq26
                0x100001cc                __default_isrs_end
                0x100001cc                isr_irq3
                0x100001cc                isr_irq12
                0x100001cc                isr_irq9
                0x100001d2                unhandled_user_irq_num_in_r0
 *(.binary_info_header)
 .binary_info_header
                0x100001d4       0x14 CMakeFiles/U4C4O12T.dir/home/emerson/.pico-sdk/sdk/2.1.0/src/rp2_common/pico_crt0/crt0.S.o
                0x100001e8                        __binary_info_header_end = .
 *(.embedded_block)
                0x100001e8                        __embedded_block_end = .
 *(.reset)
 .reset         0x100001e8       0x9c CMakeFiles/U4C4O12T.dir/home/emerson/.pico-sdk/sdk/2.1.0/src/rp2_common/pico_crt0/crt0.S.o
                0x100001e8                _entry_point
 *(.init)
 .init          0x10000284        0x4 /home/emerson/.pico-sdk/toolchain/13_3_Rel1/bin/../lib/gcc/arm-none-eabi/13.3.1/thumb/v6-m/nofp/crti.o
                0x10000284                _init
 *(EXCLUDE_FILE(*libm.a: *libc.a:*lib_a-mem*.o *libgcc.a:) .text*)
 .text.register_tm_clones
                0x10000288       0x28 /home/emerson/.pico-sdk/toolchain/13_3_Rel1/bin/../lib/gcc/arm-none-eabi/13.3.1/thumb/v6-m/nofp/crtbegin.o
 .text.frame_dummy
                0x100002b0       0x24 /home/emerson/.pico-sdk/toolchain/13_3_Rel1/bin/../lib/gcc/arm-none-eabi/13.3.1/thumb/v6-m/nofp/crtbegin.o
 .text.debounce
                0x100002d4       0x20 CMakeFiles/U4C4O12T.dir/main.c.o
                0x100002d4                debounce
 .text.button_a_isr
                0x100002f4       0x28 CMakeFiles/U4C4O12T.dir/main.c.o
                0x100002f4                button_a_isr
 .text.button_b_isr
                0x1000031c       0x28 CMakeFiles/U4C4O12T.dir/main.c.o
                0x1000031c                button_b_isr
 .text.setup_gpio
                0x10000344       0x6c CMakeFiles/U4C4O12T.dir/main.c.o
                0x10000344                setup_gpio
 .text.blink_red_led
                0x100003b0       0x5c CMakeFiles/U4C4O12T.dir/main.c.o
                0x100003b0                blink_red_led
 .text.display_number
                0x1000040c       0x14 CMakeFiles/U4C4O12T.dir/main.c.o
                0x1000040c                display_number
 .text.main     0x10000420       0x38 CMakeFiles/U4C4O12T.dir/main.c.o
                0x10000420                main
 .text.gpio_set_function
                0x10000458       0x34 CMakeFiles/U4C4O12T.dir/home/emerson/.pico-sdk/sdk/2.1.0/src/rp2_common/hardware_gpio/gpio.c.o
                0x10000458                gpio_set_function
 .text.gpio_set_pulls
                0x1000048c       0x38 CMakeFiles/U4C4O12T.dir/home/emerson/.pico-sdk/sdk/2.1.0/src/rp2_common/hardware_gpio/gpio.c.o
                0x1000048c                gpio_set_pulls
 .text.gpio_set_irq_callback
                0x100004c4       0x48 CMakeFiles/U4C4O12T.dir/home/emerson/.pico-sdk/sdk/2.1.0/src/rp2_common/hardware_gpio/gpio.c.o
                0x100004c4                gpio_set_irq_callback
 .text.gpio_acknowledge_irq
                0x1000050c       0x18 CMakeFiles/U4C4O12T.dir/home/emerson/.pico-sdk/sdk/2.1.0/src/rp2_common/hardware_gpio/gpio.c.o
                0x1000050c                gpio_acknowledge_irq
 .text._gpio_set_irq_enabled
                0x10000524       0x38 CMakeFiles/U4C4O12T.dir/home/emerson/.pico-sdk/sdk/2.1.0/src/rp2_common/hardware_gpio/gpio.c.o
 .text.gpio_set_irq_enabled
                0x1000055c       0x68 CMakeFiles/U4C4O12T.dir/home/emerson/.pico-sdk/sdk/2.1.0/src/rp2_common/hardware_gpio/gpio.c.o
                0x1000055c                gpio_set_irq_enabled
 .text.gpio_set_irq_enabled_with_callback
                0x100005c4       0x28 CMakeFiles/U4C4O12T.dir/home/emerson/.pico-sdk/sdk/2.1.0/src/rp2_common/hardware_gpio/gpio.c.o
                0x100005c4                gpio_set_irq_enabled_with_callback
 .text.gpio_default_irq_handler
                0x100005ec       0xa0 CMakeFiles/U4C4O12T.dir/home/emerson/.pico-sdk/sdk/2.1.0/src/rp2_common/hardware_gpio/gpio.c.o
 .text.gpio_init
                0x1000068c       0x16 CMakeFiles/U4C4O12T.dir/home/emerson/.pico-sdk/sdk/2.1.0/src/rp2_common/hardware_gpio/gpio.c.o
                0x1000068c                gpio_init
 *fill*         0x100006a2        0x2 
 .text.panic    0x100006a4       0x30 CMakeFiles/U4C4O12T.dir/home/emerson/.pico-sdk/sdk/2.1.0/src/rp2_common/pico_platform_panic/panic.c.o
                0x100006a4                panic
 .text.hw_claim_lock
                0x100006d4       0x18 CMakeFiles/U4C4O12T.dir/home/emerson/.pico-sdk/sdk/2.1.0/src/common/hardware_claim/claim.c.o
                0x100006d4                hw_claim_lock
 .text.hw_claim_unlock
                0x100006ec       0x14 CMakeFiles/U4C4O12T.dir/home/emerson/.pico-sdk/sdk/2.1.0/src/common/hardware_claim/claim.c.o
                0x100006ec                hw_claim_unlock
 .text.hw_claim_or_assert
                0x10000700       0x32 CMakeFiles/U4C4O12T.dir/home/emerson/.pico-sdk/sdk/2.1.0/src/common/hardware_claim/claim.c.o
                0x10000700                hw_claim_or_assert
 *fill*         0x10000732        0x2 
 .text.next_striped_spin_lock_num
                0x10000734       0x1c CMakeFiles/U4C4O12T.dir/home/emerson/.pico-sdk/sdk/2.1.0/src/rp2_common/hardware_sync/sync.c.o
                0x10000734                next_striped_spin_lock_num
 .text.spin_locks_reset
                0x10000750       0x20 CMakeFiles/U4C4O12T.dir/home/emerson/.pico-sdk/sdk/2.1.0/src/rp2_common/hardware_sync_spin_lock/sync_spin_lock.c.o
                0x10000750                spin_locks_reset
 .text.set_raw_irq_handler_and_unlock
                0x10000770       0x28 CMakeFiles/U4C4O12T.dir/home/emerson/.pico-sdk/sdk/2.1.0/src/rp2_common/hardware_irq/irq.c.o
 .text.nvic_ipr0
                0x10000798        0x8 CMakeFiles/U4C4O12T.dir/home/emerson/.pico-sdk/sdk/2.1.0/src/rp2_common/hardware_irq/irq.c.o
 .text.runtime_init_per_core_irq_priorities
                0x100007a0       0x1c CMakeFiles/U4C4O12T.dir/home/emerson/.pico-sdk/sdk/2.1.0/src/rp2_common/hardware_irq/irq.c.o
                0x100007a0                runtime_init_per_core_irq_priorities
 .text.resolve_j_16
                0x100007bc       0x30 CMakeFiles/U4C4O12T.dir/home/emerson/.pico-sdk/sdk/2.1.0/src/rp2_common/hardware_irq/irq.c.o
 .text.make_j_16
                0x100007ec       0x48 CMakeFiles/U4C4O12T.dir/home/emerson/.pico-sdk/sdk/2.1.0/src/rp2_common/hardware_irq/irq.c.o
 .text.insert_bl_32
                0x10000834       0x40 CMakeFiles/U4C4O12T.dir/home/emerson/.pico-sdk/sdk/2.1.0/src/rp2_common/hardware_irq/irq.c.o
 .text.irq_is_enabled
                0x10000874       0x18 CMakeFiles/U4C4O12T.dir/home/emerson/.pico-sdk/sdk/2.1.0/src/rp2_common/hardware_irq/irq.c.o
                0x10000874                irq_is_enabled
 .text.irq_set_mask_n_enabled
                0x1000088c       0x1c CMakeFiles/U4C4O12T.dir/home/emerson/.pico-sdk/sdk/2.1.0/src/rp2_common/hardware_irq/irq.c.o
                0x1000088c                irq_set_mask_n_enabled
 .text.irq_set_enabled
                0x100008a8       0x14 CMakeFiles/U4C4O12T.dir/home/emerson/.pico-sdk/sdk/2.1.0/src/rp2_common/hardware_irq/irq.c.o
                0x100008a8                irq_set_enabled
 .text.irq_get_vtable_handler
                0x100008bc       0x10 CMakeFiles/U4C4O12T.dir/home/emerson/.pico-sdk/sdk/2.1.0/src/rp2_common/hardware_irq/irq.c.o
                0x100008bc                irq_get_vtable_handler
 .text.irq_set_exclusive_handler
                0x100008cc       0x54 CMakeFiles/U4C4O12T.dir/home/emerson/.pico-sdk/sdk/2.1.0/src/rp2_common/hardware_irq/irq.c.o
                0x100008cc                irq_set_exclusive_handler
 .text.irq_add_shared_handler
                0x10000920      0x218 CMakeFiles/U4C4O12T.dir/home/emerson/.pico-sdk/sdk/2.1.0/src/rp2_common/hardware_irq/irq.c.o
                0x10000920                irq_add_shared_handler
 .text.irq_remove_handler
                0x10000b38      0x18c CMakeFiles/U4C4O12T.dir/home/emerson/.pico-sdk/sdk/2.1.0/src/rp2_common/hardware_irq/irq.c.o
                0x10000b38                irq_remove_handler
 .text.irq_add_tail_to_free_list
                0x10000cc4       0xf4 CMakeFiles/U4C4O12T.dir/home/emerson/.pico-sdk/sdk/2.1.0/src/rp2_common/hardware_irq/irq.c.o
                0x10000cc4                irq_add_tail_to_free_list
 .text.lock_init
                0x10000db8       0x10 CMakeFiles/U4C4O12T.dir/home/emerson/.pico-sdk/sdk/2.1.0/src/common/pico_sync/lock_core.c.o
                0x10000db8                lock_init
 .text.mutex_init
                0x10000dc8       0x1a CMakeFiles/U4C4O12T.dir/home/emerson/.pico-sdk/sdk/2.1.0/src/common/pico_sync/mutex.c.o
                0x10000dc8                mutex_init
 .text.recursive_mutex_init
                0x10000de2       0x1e CMakeFiles/U4C4O12T.dir/home/emerson/.pico-sdk/sdk/2.1.0/src/common/pico_sync/mutex.c.o
                0x10000de2                recursive_mutex_init
 .text.runtime_init_mutex
                0x10000e00       0x4c CMakeFiles/U4C4O12T.dir/home/emerson/.pico-sdk/sdk/2.1.0/src/common/pico_sync/mutex.c.o
                0x10000e00                runtime_init_mutex
 .text.make_alarm_id
                0x10000e4c        0x6 CMakeFiles/U4C4O12T.dir/home/emerson/.pico-sdk/sdk/2.1.0/src/common/pico_time/time.c.o
 *fill*         0x10000e52        0x2 
 .text.sleep_until_callback
                0x10000e54       0x30 CMakeFiles/U4C4O12T.dir/home/emerson/.pico-sdk/sdk/2.1.0/src/common/pico_time/time.c.o
 .text.alarm_pool_irq_handler
                0x10000e84      0x2f8 CMakeFiles/U4C4O12T.dir/home/emerson/.pico-sdk/sdk/2.1.0/src/common/pico_time/time.c.o
 .text.ta_enable_irq_handler
                0x1000117c       0x2c CMakeFiles/U4C4O12T.dir/home/emerson/.pico-sdk/sdk/2.1.0/src/common/pico_time/time.c.o
 .text.alarm_pool_post_alloc_init
                0x100011a8       0x78 CMakeFiles/U4C4O12T.dir/home/emerson/.pico-sdk/sdk/2.1.0/src/common/pico_time/time.c.o
 .text.alarm_pool_get_default
                0x10001220       0x2c CMakeFiles/U4C4O12T.dir/home/emerson/.pico-sdk/sdk/2.1.0/src/common/pico_time/time.c.o
                0x10001220                alarm_pool_get_default
 .text.alarm_pool_add_alarm_at_force_in_context
                0x1000124c       0xa4 CMakeFiles/U4C4O12T.dir/home/emerson/.pico-sdk/sdk/2.1.0/src/common/pico_time/time.c.o
                0x1000124c                alarm_pool_add_alarm_at_force_in_context
 .text.alarm_pool_add_alarm_at
                0x100012f0       0x3c CMakeFiles/U4C4O12T.dir/home/emerson/.pico-sdk/sdk/2.1.0/src/common/pico_time/time.c.o
                0x100012f0                alarm_pool_add_alarm_at
 .text.add_alarm_at
                0x1000132c       0x2e CMakeFiles/U4C4O12T.dir/home/emerson/.pico-sdk/sdk/2.1.0/src/common/pico_time/time.c.o
 *fill*         0x1000135a        0x2 
 .text.alarm_pool_cancel_alarm
                0x1000135c       0x78 CMakeFiles/U4C4O12T.dir/home/emerson/.pico-sdk/sdk/2.1.0/src/common/pico_time/time.c.o
                0x1000135c                alarm_pool_cancel_alarm
 .text.cancel_alarm
                0x100013d4       0x10 CMakeFiles/U4C4O12T.dir/home/emerson/.pico-sdk/sdk/2.1.0/src/common/pico_time/time.c.o
 .text.sleep_until
                0x100013e4       0xc0 CMakeFiles/U4C4O12T.dir/home/emerson/.pico-sdk/sdk/2.1.0/src/common/pico_time/time.c.o
                0x100013e4                sleep_until
 .text.sleep_us
                0x100014a4       0x24 CMakeFiles/U4C4O12T.dir/home/emerson/.pico-sdk/sdk/2.1.0/src/common/pico_time/time.c.o
                0x100014a4                sleep_us
 .text.sleep_ms
                0x100014c8       0x14 CMakeFiles/U4C4O12T.dir/home/emerson/.pico-sdk/sdk/2.1.0/src/common/pico_time/time.c.o
                0x100014c8                sleep_ms
 .text.best_effort_wfe_or_timeout
                0x100014dc      0x104 CMakeFiles/U4C4O12T.dir/home/emerson/.pico-sdk/sdk/2.1.0/src/common/pico_time/time.c.o
                0x100014dc                best_effort_wfe_or_timeout
 .text.alarm_pool_get_default_timer
                0x100015e0        0x8 CMakeFiles/U4C4O12T.dir/home/emerson/.pico-sdk/sdk/2.1.0/src/common/pico_time/time.c.o
                0x100015e0                alarm_pool_get_default_timer
 .text.runtime_init_default_alarm_pool
                0x100015e8       0x38 CMakeFiles/U4C4O12T.dir/home/emerson/.pico-sdk/sdk/2.1.0/src/common/pico_time/time.c.o
                0x100015e8                runtime_init_default_alarm_pool
 .text.timer_hardware_alarm_claim
                0x10001620       0x14 CMakeFiles/U4C4O12T.dir/home/emerson/.pico-sdk/sdk/2.1.0/src/rp2_common/hardware_timer/timer.c.o
                0x10001620                timer_hardware_alarm_claim
 .text.timer_time_us_64
                0x10001634       0x10 CMakeFiles/U4C4O12T.dir/home/emerson/.pico-sdk/sdk/2.1.0/src/rp2_common/hardware_timer/timer.c.o
                0x10001634                timer_time_us_64
 .text.timer_busy_wait_until
                0x10001644       0x1a CMakeFiles/U4C4O12T.dir/home/emerson/.pico-sdk/sdk/2.1.0/src/rp2_common/hardware_timer/timer.c.o
                0x10001644                timer_busy_wait_until
 .text.timer_busy_wait_us
                0x1000165e       0x38 CMakeFiles/U4C4O12T.dir/home/emerson/.pico-sdk/sdk/2.1.0/src/rp2_common/hardware_timer/timer.c.o
                0x1000165e                timer_busy_wait_us
 *fill*         0x10001696        0x2 
 .text.time_us_64
                0x10001698       0x10 CMakeFiles/U4C4O12T.dir/home/emerson/.pico-sdk/sdk/2.1.0/src/rp2_common/hardware_timer/timer.c.o
                0x10001698                time_us_64
 .text.busy_wait_us
                0x100016a8       0x14 CMakeFiles/U4C4O12T.dir/home/emerson/.pico-sdk/sdk/2.1.0/src/rp2_common/hardware_timer/timer.c.o
                0x100016a8                busy_wait_us
 .text.busy_wait_until
                0x100016bc       0x14 CMakeFiles/U4C4O12T.dir/home/emerson/.pico-sdk/sdk/2.1.0/src/rp2_common/hardware_timer/timer.c.o
                0x100016bc                busy_wait_until
 .text.uart_unreset
                0x100016d0       0x2c CMakeFiles/U4C4O12T.dir/home/emerson/.pico-sdk/sdk/2.1.0/src/rp2_common/hardware_uart/uart.c.o
 .text.uart_disable_before_lcr_write
                0x100016fc       0x48 CMakeFiles/U4C4O12T.dir/home/emerson/.pico-sdk/sdk/2.1.0/src/rp2_common/hardware_uart/uart.c.o
 .text.uart_write_lcr_bits_masked
                0x10001744       0x20 CMakeFiles/U4C4O12T.dir/home/emerson/.pico-sdk/sdk/2.1.0/src/rp2_common/hardware_uart/uart.c.o
 .text.uart_set_baudrate
                0x10001764       0x5c CMakeFiles/U4C4O12T.dir/home/emerson/.pico-sdk/sdk/2.1.0/src/rp2_common/hardware_uart/uart.c.o
                0x10001764                uart_set_baudrate
 .text.uart_set_translate_crlf
                0x100017c0       0x28 CMakeFiles/U4C4O12T.dir/home/emerson/.pico-sdk/sdk/2.1.0/src/rp2_common/hardware_uart/uart.c.o
                0x100017c0                uart_set_translate_crlf
 .text.uart_init
                0x100017e8       0x64 CMakeFiles/U4C4O12T.dir/home/emerson/.pico-sdk/sdk/2.1.0/src/rp2_common/hardware_uart/uart.c.o
                0x100017e8                uart_init
 .text.clock_configure_internal
                0x1000184c       0xc4 CMakeFiles/U4C4O12T.dir/home/emerson/.pico-sdk/sdk/2.1.0/src/rp2_common/hardware_clocks/clocks.c.o
 .text.clock_configure_int_divider
                0x10001910       0x28 CMakeFiles/U4C4O12T.dir/home/emerson/.pico-sdk/sdk/2.1.0/src/rp2_common/hardware_clocks/clocks.c.o
                0x10001910                clock_configure_int_divider
 .text.clock_configure_undivided
                0x10001938       0x12 CMakeFiles/U4C4O12T.dir/home/emerson/.pico-sdk/sdk/2.1.0/src/rp2_common/hardware_clocks/clocks.c.o
                0x10001938                clock_configure_undivided
 *fill*         0x1000194a        0x2 
 .text.clock_get_hz
                0x1000194c        0xc CMakeFiles/U4C4O12T.dir/home/emerson/.pico-sdk/sdk/2.1.0/src/rp2_common/hardware_clocks/clocks.c.o
                0x1000194c                clock_get_hz
 .text.pll_init
                0x10001958      0x124 CMakeFiles/U4C4O12T.dir/home/emerson/.pico-sdk/sdk/2.1.0/src/rp2_common/hardware_pll/pll.c.o
                0x10001958                pll_init
 .text.tick_start
                0x10001a7c       0x10 CMakeFiles/U4C4O12T.dir/home/emerson/.pico-sdk/sdk/2.1.0/src/rp2_common/hardware_ticks/ticks.c.o
                0x10001a7c                tick_start
 .text.rom_func_lookup
                0x10001a8c       0x10 CMakeFiles/U4C4O12T.dir/home/emerson/.pico-sdk/sdk/2.1.0/src/rp2_common/pico_bootrom/bootrom.c.o
                0x10001a8c                rom_func_lookup
 .text.rom_data_lookup
                0x10001a9c       0x10 CMakeFiles/U4C4O12T.dir/home/emerson/.pico-sdk/sdk/2.1.0/src/rp2_common/pico_bootrom/bootrom.c.o
                0x10001a9c                rom_data_lookup
 .text.rom_funcs_lookup
                0x10001aac       0x36 CMakeFiles/U4C4O12T.dir/home/emerson/.pico-sdk/sdk/2.1.0/src/rp2_common/pico_bootrom/bootrom.c.o
                0x10001aac                rom_funcs_lookup
 *fill*         0x10001ae2        0x2 
 .text.xosc_init
                0x10001ae4       0x28 CMakeFiles/U4C4O12T.dir/home/emerson/.pico-sdk/sdk/2.1.0/src/rp2_common/hardware_xosc/xosc.c.o
                0x10001ae4                xosc_init
 .text.runtime_run_initializers_from
                0x10001b0c       0x18 CMakeFiles/U4C4O12T.dir/home/emerson/.pico-sdk/sdk/2.1.0/src/rp2_common/pico_runtime/runtime.c.o
 .text.first_per_core_initializer
                0x10001b24        0x2 CMakeFiles/U4C4O12T.dir/home/emerson/.pico-sdk/sdk/2.1.0/src/rp2_common/pico_runtime/runtime.c.o
 *fill*         0x10001b26        0x2 
 .text.runtime_run_initializers
                0x10001b28       0x10 CMakeFiles/U4C4O12T.dir/home/emerson/.pico-sdk/sdk/2.1.0/src/rp2_common/pico_runtime/runtime.c.o
                0x10001b28                runtime_run_initializers
 .text.runtime_init_early_resets
                0x10001b38       0x2c CMakeFiles/U4C4O12T.dir/home/emerson/.pico-sdk/sdk/2.1.0/src/rp2_common/pico_runtime_init/runtime_init.c.o
                0x10001b38                runtime_init_early_resets
 .text.runtime_init_usb_power_down
                0x10001b64       0x1c CMakeFiles/U4C4O12T.dir/home/emerson/.pico-sdk/sdk/2.1.0/src/rp2_common/pico_runtime_init/runtime_init.c.o
                0x10001b64                runtime_init_usb_power_down
 .text.runtime_init_post_clock_resets
                0x10001b80       0x20 CMakeFiles/U4C4O12T.dir/home/emerson/.pico-sdk/sdk/2.1.0/src/rp2_common/pico_runtime_init/runtime_init.c.o
                0x10001b80                runtime_init_post_clock_resets
 .text.runtime_init_rp2040_gpio_ie_disable
                0x10001ba0       0x14 CMakeFiles/U4C4O12T.dir/home/emerson/.pico-sdk/sdk/2.1.0/src/rp2_common/pico_runtime_init/runtime_init.c.o
                0x10001ba0                runtime_init_rp2040_gpio_ie_disable
 .text.runtime_init_spin_locks_reset
                0x10001bb4        0x8 CMakeFiles/U4C4O12T.dir/home/emerson/.pico-sdk/sdk/2.1.0/src/rp2_common/pico_runtime_init/runtime_init.c.o
                0x10001bb4                runtime_init_spin_locks_reset
 .text.runtime_init_install_ram_vector_table
                0x10001bbc       0x1c CMakeFiles/U4C4O12T.dir/home/emerson/.pico-sdk/sdk/2.1.0/src/rp2_common/pico_runtime_init/runtime_init.c.o
                0x10001bbc                runtime_init_install_ram_vector_table
 .text.start_all_ticks
                0x10001bd8       0x28 CMakeFiles/U4C4O12T.dir/home/emerson/.pico-sdk/sdk/2.1.0/src/rp2_common/pico_runtime_init/runtime_init_clocks.c.o
 .text.runtime_init_clocks
                0x10001c00       0xcc CMakeFiles/U4C4O12T.dir/home/emerson/.pico-sdk/sdk/2.1.0/src/rp2_common/pico_runtime_init/runtime_init_clocks.c.o
                0x10001c00                runtime_init_clocks
 .text          0x10001ccc       0x10 CMakeFiles/U4C4O12T.dir/home/emerson/.pico-sdk/sdk/2.1.0/src/rp2_common/pico_bit_ops/bit_ops_aeabi.S.o
 .text.__wrap___aeabi_idiv
                0x10001cdc       0x50 CMakeFiles/U4C4O12T.dir/home/emerson/.pico-sdk/sdk/2.1.0/src/rp2_common/pico_divider/divider_hardware.S.o
                0x10001cdc                __wrap___aeabi_idivmod
                0x10001cdc                divmod_s32s32
                0x10001cdc                div_s32s32
                0x10001cdc                __wrap___aeabi_idiv
                0x10001ce4                divmod_s32s32_unsafe
                0x10001d10                divmod_s32s32_savestate
 .text.__wrap___aeabi_uidiv
                0x10001d2c       0x4c CMakeFiles/U4C4O12T.dir/home/emerson/.pico-sdk/sdk/2.1.0/src/rp2_common/pico_divider/divider_hardware.S.o
                0x10001d2c                __wrap___aeabi_uidiv
                0x10001d2c                __wrap___aeabi_uidivmod
                0x10001d2c                div_u32u32
                0x10001d2c                divmod_u32u32
                0x10001d34                divmod_u32u32_unsafe
                0x10001d5c                divmod_u32u32_savestate
 .text.__wrap___aeabi_ldiv
                0x10001d78      0x424 CMakeFiles/U4C4O12T.dir/home/emerson/.pico-sdk/sdk/2.1.0/src/rp2_common/pico_divider/divider_hardware.S.o
                0x10001d78                div_s64s64
                0x10001d78                divmod_s64s64
                0x10001d78                __wrap___aeabi_ldivmod
                0x10001da8                div_u64u64
                0x10001da8                divmod_u64u64
                0x10001da8                __wrap___aeabi_uldivmod
                0x10001db8                divmod_u64u64_savestate
                0x10001dd8                divmod_s64s64_unsafe
                0x10001e60                divmod_u64u64_unsafe
 .text.__wrap___aeabi_darithmetic
                0x1000219c       0x60 CMakeFiles/U4C4O12T.dir/home/emerson/.pico-sdk/sdk/2.1.0/src/rp2_common/pico_double/double_aeabi_rp2040.S.o
                0x1000219c                __wrap___aeabi_drsub
                0x100021a2                __wrap___aeabi_dsub
                0x100021ac                __wrap___aeabi_dadd
                0x100021b6                __wrap___aeabi_ddiv
                0x100021ea                __wrap___aeabi_dmul
 .text.__wrap___aeabi_cdcmple
                0x100021fc       0x6c CMakeFiles/U4C4O12T.dir/home/emerson/.pico-sdk/sdk/2.1.0/src/rp2_common/pico_double/double_aeabi_rp2040.S.o
                0x100021fc                __wrap___aeabi_cdrcmple
                0x1000220c                __wrap___aeabi_cdcmple
                0x1000220c                __wrap___aeabi_cdcmpeq
 .text.__wrap___aeabi_dcmplt
                0x10002268        0xc CMakeFiles/U4C4O12T.dir/home/emerson/.pico-sdk/sdk/2.1.0/src/rp2_common/pico_double/double_aeabi_rp2040.S.o
                0x10002268                __wrap___aeabi_dcmplt
 .text.__wrap___aeabi_dcmple
                0x10002274       0x10 CMakeFiles/U4C4O12T.dir/home/emerson/.pico-sdk/sdk/2.1.0/src/rp2_common/pico_double/double_aeabi_rp2040.S.o
                0x10002274                __wrap___aeabi_dcmple
 .text.__wrap___aeabi_dcmpge
                0x10002284       0x10 CMakeFiles/U4C4O12T.dir/home/emerson/.pico-sdk/sdk/2.1.0/src/rp2_common/pico_double/double_aeabi_rp2040.S.o
                0x10002284                __wrap___aeabi_dcmpge
 .text.__wrap___aeabi_dcmpgt
                0x10002294        0xa CMakeFiles/U4C4O12T.dir/home/emerson/.pico-sdk/sdk/2.1.0/src/rp2_common/pico_double/double_aeabi_rp2040.S.o
                0x10002294                __wrap___aeabi_dcmpgt
 .text.__wrap___aeabi_dcmpun
                0x1000229e       0x18 CMakeFiles/U4C4O12T.dir/home/emerson/.pico-sdk/sdk/2.1.0/src/rp2_common/pico_double/double_aeabi_rp2040.S.o
                0x1000229e                __wrap___aeabi_dcmpun
 *fill*         0x100022b6        0x2 
 .text.__wrap___aeabi_i2d
                0x100022b8       0x38 CMakeFiles/U4C4O12T.dir/home/emerson/.pico-sdk/sdk/2.1.0/src/rp2_common/pico_double/double_aeabi_rp2040.S.o
                0x100022b8                __wrap___aeabi_ui2d
                0x100022c0                __wrap___aeabi_i2d
 .text.__wrap___aeabi_d2iz
                0x100022f0       0x48 CMakeFiles/U4C4O12T.dir/home/emerson/.pico-sdk/sdk/2.1.0/src/rp2_common/pico_double/double_aeabi_rp2040.S.o
                0x100022f0                __wrap___aeabi_d2iz
                0x100022f0                double2int_z
 .text.__wrap___aeabi_d2uiz
                0x10002338       0x10 CMakeFiles/U4C4O12T.dir/home/emerson/.pico-sdk/sdk/2.1.0/src/rp2_common/pico_double/double_aeabi_rp2040.S.o
                0x10002338                double2uint
                0x10002338                __wrap___aeabi_d2uiz
 .text.missing_double_func_shim
                0x10002348        0xc CMakeFiles/U4C4O12T.dir/home/emerson/.pico-sdk/sdk/2.1.0/src/rp2_common/pico_double/double_init_rom_rp2040.c.o
 .text.__aeabi_double_init
                0x10002354       0xd0 CMakeFiles/U4C4O12T.dir/home/emerson/.pico-sdk/sdk/2.1.0/src/rp2_common/pico_double/double_init_rom_rp2040.c.o
                0x10002354                __aeabi_double_init
 .text.double_table_shim_on_use_helper
                0x10002424       0x34 CMakeFiles/U4C4O12T.dir/home/emerson/.pico-sdk/sdk/2.1.0/src/rp2_common/pico_double/double_v1_rom_shim_rp2040.S.o
                0x10002424                double_table_shim_on_use_helper
 .text.__aeabi_lmul
                0x10002458       0x32 CMakeFiles/U4C4O12T.dir/home/emerson/.pico-sdk/sdk/2.1.0/src/rp2_common/pico_int64_ops/pico_int64_ops_aeabi.S.o
                0x10002458                __wrap___aeabi_lmul
 *fill*         0x1000248a        0x2 
 .text.missing_float_func_shim
                0x1000248c        0xc CMakeFiles/U4C4O12T.dir/home/emerson/.pico-sdk/sdk/2.1.0/src/rp2_common/pico_float/float_init_rom_rp2040.c.o
 .text.__aeabi_float_init
                0x10002498       0x88 CMakeFiles/U4C4O12T.dir/home/emerson/.pico-sdk/sdk/2.1.0/src/rp2_common/pico_float/float_init_rom_rp2040.c.o
                0x10002498                __aeabi_float_init
 .text          0x10002520       0x10 CMakeFiles/U4C4O12T.dir/home/emerson/.pico-sdk/sdk/2.1.0/src/rp2_common/pico_mem_ops/mem_ops_aeabi.S.o
                0x10002520                __aeabi_mem_init
 .text.memset   0x10002530        0xc CMakeFiles/U4C4O12T.dir/home/emerson/.pico-sdk/sdk/2.1.0/src/rp2_common/pico_mem_ops/mem_ops_aeabi.S.o
                0x10002530                __wrap_memset
 .text.memcpy   0x1000253c        0xc CMakeFiles/U4C4O12T.dir/home/emerson/.pico-sdk/sdk/2.1.0/src/rp2_common/pico_mem_ops/mem_ops_aeabi.S.o
                0x1000253c                __wrap___aeabi_memcpy
                0x1000253c                __wrap_memcpy
 .text._out_null
                0x10002548        0x2 CMakeFiles/U4C4O12T.dir/home/emerson/.pico-sdk/sdk/2.1.0/src/rp2_common/pico_printf/printf.c.o
 .text._out_fct
                0x1000254a        0xe CMakeFiles/U4C4O12T.dir/home/emerson/.pico-sdk/sdk/2.1.0/src/rp2_common/pico_printf/printf.c.o
 .text._atoi    0x10002558       0x24 CMakeFiles/U4C4O12T.dir/home/emerson/.pico-sdk/sdk/2.1.0/src/rp2_common/pico_printf/printf.c.o
 .text._out_rev
                0x1000257c       0xae CMakeFiles/U4C4O12T.dir/home/emerson/.pico-sdk/sdk/2.1.0/src/rp2_common/pico_printf/printf.c.o
 .text._ntoa_format
                0x1000262a      0x110 CMakeFiles/U4C4O12T.dir/home/emerson/.pico-sdk/sdk/2.1.0/src/rp2_common/pico_printf/printf.c.o
 .text._ntoa_long
                0x1000273a       0xbc CMakeFiles/U4C4O12T.dir/home/emerson/.pico-sdk/sdk/2.1.0/src/rp2_common/pico_printf/printf.c.o
 .text._ntoa_long_long
                0x100027f6      0x10e CMakeFiles/U4C4O12T.dir/home/emerson/.pico-sdk/sdk/2.1.0/src/rp2_common/pico_printf/printf.c.o
 .text._etoa    0x10002904      0x420 CMakeFiles/U4C4O12T.dir/home/emerson/.pico-sdk/sdk/2.1.0/src/rp2_common/pico_printf/printf.c.o
 .text._ftoa    0x10002d24      0x354 CMakeFiles/U4C4O12T.dir/home/emerson/.pico-sdk/sdk/2.1.0/src/rp2_common/pico_printf/printf.c.o
 .text._vsnprintf
                0x10003078      0x668 CMakeFiles/U4C4O12T.dir/home/emerson/.pico-sdk/sdk/2.1.0/src/rp2_common/pico_printf/printf.c.o
 .text.vfctprintf
                0x100036e0       0x20 CMakeFiles/U4C4O12T.dir/home/emerson/.pico-sdk/sdk/2.1.0/src/rp2_common/pico_printf/printf.c.o
                0x100036e0                vfctprintf
 .text._exit    0x10003700        0x4 CMakeFiles/U4C4O12T.dir/home/emerson/.pico-sdk/sdk/2.1.0/src/rp2_common/pico_clib_interface/newlib_interface.c.o
                0x10003700                _exit
 .text.exit     0x10003704        0x6 CMakeFiles/U4C4O12T.dir/home/emerson/.pico-sdk/sdk/2.1.0/src/rp2_common/pico_clib_interface/newlib_interface.c.o
                0x10003704                exit
 *fill*         0x1000370a        0x2 
 .text.__assert_func
                0x1000370c       0x38 CMakeFiles/U4C4O12T.dir/home/emerson/.pico-sdk/sdk/2.1.0/src/rp2_common/pico_clib_interface/newlib_interface.c.o
                0x1000370c                __assert_func
 .text.runtime_init
                0x10003744       0x28 CMakeFiles/U4C4O12T.dir/home/emerson/.pico-sdk/sdk/2.1.0/src/rp2_common/pico_clib_interface/newlib_interface.c.o
                0x10003744                runtime_init
 .text.stdio_out_chars_no_crlf
                0x1000376c        0xe CMakeFiles/U4C4O12T.dir/home/emerson/.pico-sdk/sdk/2.1.0/src/rp2_common/pico_stdio/stdio.c.o
 *fill*         0x1000377a        0x2 
 .text.stdio_out_chars_crlf
                0x1000377c       0x80 CMakeFiles/U4C4O12T.dir/home/emerson/.pico-sdk/sdk/2.1.0/src/rp2_common/pico_stdio/stdio.c.o
 .text.stdio_stack_buffer_flush
                0x100037fc       0x44 CMakeFiles/U4C4O12T.dir/home/emerson/.pico-sdk/sdk/2.1.0/src/rp2_common/pico_stdio/stdio.c.o
 .text.stdio_buffered_printer
                0x10003840       0x20 CMakeFiles/U4C4O12T.dir/home/emerson/.pico-sdk/sdk/2.1.0/src/rp2_common/pico_stdio/stdio.c.o
 .text.stdout_serialize_begin
                0x10003860       0x30 CMakeFiles/U4C4O12T.dir/home/emerson/.pico-sdk/sdk/2.1.0/src/rp2_common/pico_stdio/stdio.c.o
                0x10003860                stdout_serialize_begin
 .text.stdout_serialize_end
                0x10003890       0x10 CMakeFiles/U4C4O12T.dir/home/emerson/.pico-sdk/sdk/2.1.0/src/rp2_common/pico_stdio/stdio.c.o
                0x10003890                stdout_serialize_end
 .text.stdio_put_string
                0x100038a0       0x94 CMakeFiles/U4C4O12T.dir/home/emerson/.pico-sdk/sdk/2.1.0/src/rp2_common/pico_stdio/stdio.c.o
                0x100038a0                stdio_put_string
 .text.stdio_set_driver_enabled
                0x10003934       0x2c CMakeFiles/U4C4O12T.dir/home/emerson/.pico-sdk/sdk/2.1.0/src/rp2_common/pico_stdio/stdio.c.o
                0x10003934                stdio_set_driver_enabled
 .text.stdio_flush
                0x10003960       0x20 CMakeFiles/U4C4O12T.dir/home/emerson/.pico-sdk/sdk/2.1.0/src/rp2_common/pico_stdio/stdio.c.o
                0x10003960                stdio_flush
 .text.stdio_init_all
                0x10003980        0xa CMakeFiles/U4C4O12T.dir/home/emerson/.pico-sdk/sdk/2.1.0/src/rp2_common/pico_stdio/stdio.c.o
                0x10003980                stdio_init_all
 .text.__wrap_puts
                0x1000398a       0x1e CMakeFiles/U4C4O12T.dir/home/emerson/.pico-sdk/sdk/2.1.0/src/rp2_common/pico_stdio/stdio.c.o
                0x1000398a                __wrap_puts
                0x1000398a                stdio_puts
 .text.__wrap_vprintf
                0x100039a8       0x40 CMakeFiles/U4C4O12T.dir/home/emerson/.pico-sdk/sdk/2.1.0/src/rp2_common/pico_stdio/stdio.c.o
                0x100039a8                __wrap_vprintf
                0x100039a8                stdio_vprintf
 .text.__wrap_printf
                0x100039e8       0x18 CMakeFiles/U4C4O12T.dir/home/emerson/.pico-sdk/sdk/2.1.0/src/rp2_common/pico_stdio/stdio.c.o
                0x100039e8                stdio_printf
                0x100039e8                __wrap_printf
 .text.uart_putc
                0x10003a00       0x60 CMakeFiles/U4C4O12T.dir/home/emerson/.pico-sdk/sdk/2.1.0/src/rp2_common/pico_stdio_uart/stdio_uart.c.o
 .text.uart_getc
                0x10003a60       0x24 CMakeFiles/U4C4O12T.dir/home/emerson/.pico-sdk/sdk/2.1.0/src/rp2_common/pico_stdio_uart/stdio_uart.c.o
 .text.stdio_uart_out_chars
                0x10003a84       0x20 CMakeFiles/U4C4O12T.dir/home/emerson/.pico-sdk/sdk/2.1.0/src/rp2_common/pico_stdio_uart/stdio_uart.c.o
 .text.stdio_uart_in_chars
                0x10003aa4       0x5c CMakeFiles/U4C4O12T.dir/home/emerson/.pico-sdk/sdk/2.1.0/src/rp2_common/pico_stdio_uart/stdio_uart.c.o
                0x10003aa4                stdio_uart_in_chars
 .text.on_uart_rx
                0x10003b00       0x28 CMakeFiles/U4C4O12T.dir/home/emerson/.pico-sdk/sdk/2.1.0/src/rp2_common/pico_stdio_uart/stdio_uart.c.o
 .text.stdio_uart_out_flush
                0x10003b28       0x10 CMakeFiles/U4C4O12T.dir/home/emerson/.pico-sdk/sdk/2.1.0/src/rp2_common/pico_stdio_uart/stdio_uart.c.o
 .text.stdio_uart_set_chars_available_callback
                0x10003b38       0x90 CMakeFiles/U4C4O12T.dir/home/emerson/.pico-sdk/sdk/2.1.0/src/rp2_common/pico_stdio_uart/stdio_uart.c.o
 .text.stdio_uart_init_full
                0x10003bc8       0x44 CMakeFiles/U4C4O12T.dir/home/emerson/.pico-sdk/sdk/2.1.0/src/rp2_common/pico_stdio_uart/stdio_uart.c.o
                0x10003bc8                stdio_uart_init_full
 .text.stdio_uart_init
                0x10003c0c       0x30 CMakeFiles/U4C4O12T.dir/home/emerson/.pico-sdk/sdk/2.1.0/src/rp2_common/pico_stdio_uart/stdio_uart.c.o
                0x10003c0c                stdio_uart_init
 .text._retrieve_unique_id_on_boot
                0x10003c3c       0x10 CMakeFiles/U4C4O12T.dir/home/emerson/.pico-sdk/sdk/2.1.0/src/rp2_common/pico_unique_id/unique_id.c.o
 .text.flash_get_unique_id
                0x10003c4c       0x40 CMakeFiles/U4C4O12T.dir/home/emerson/.pico-sdk/sdk/2.1.0/src/rp2_common/hardware_flash/flash.c.o
                0x10003c4c                flash_get_unique_id
 .text.strlen   0x10003c8c       0x5c /home/emerson/.pico-sdk/toolchain/13_3_Rel1/bin/../lib/gcc/arm-none-eabi/13.3.1/../../../../arm-none-eabi/lib/thumb/v6-m/nofp/libg.a(libc_a-strlen-stub.o)
                0x10003c8c                strlen
 *(.fini)
 .fini          0x10003ce8        0x4 /home/emerson/.pico-sdk/toolchain/13_3_Rel1/bin/../lib/gcc/arm-none-eabi/13.3.1/thumb/v6-m/nofp/crti.o
                0x10003ce8                _fini
 *fill*         0x10003cec        0x4 
 .fini.__stub   0x10003cf0       0x50 linker stubs
 *crtbegin.o(.ctors)
 *crtbegin?.o(.ctors)
 *(EXCLUDE_FILE(*crtend.o *crtend?.o) .ctors)
 *(SORT_BY_NAME(.ctors.*))
 *(.ctors)
 *crtbegin.o(.dtors)
 *crtbegin?.o(.dtors)
 *(EXCLUDE_FILE(*crtend.o *crtend?.o) .dtors)
 *(SORT_BY_NAME(.dtors.*))
 *(.dtors)
                0x10003d40                        . = ALIGN (0x4)
                0x10003d40                        PROVIDE (__preinit_array_start = .)
 *(SORT_BY_NAME(.preinit_array.*))
 .preinit_array.00100
                0x10003d40        0x4 CMakeFiles/U4C4O12T.dir/home/emerson/.pico-sdk/sdk/2.1.0/src/rp2_common/pico_runtime_init/runtime_init.c.o
                0x10003d40                __pre_init_runtime_init_early_resets
 .preinit_array.00101
                0x10003d44        0x4 CMakeFiles/U4C4O12T.dir/home/emerson/.pico-sdk/sdk/2.1.0/src/rp2_common/pico_runtime_init/runtime_init.c.o
                0x10003d44                __pre_init_runtime_init_usb_power_down
 .preinit_array.00275
                0x10003d48        0x4 CMakeFiles/U4C4O12T.dir/home/emerson/.pico-sdk/sdk/2.1.0/src/rp2_common/pico_bit_ops/bit_ops_aeabi.S.o
 .preinit_array.00300
                0x10003d4c        0x4 CMakeFiles/U4C4O12T.dir/home/emerson/.pico-sdk/sdk/2.1.0/src/rp2_common/pico_mem_ops/mem_ops_aeabi.S.o
 .preinit_array.00350
                0x10003d50        0x4 CMakeFiles/U4C4O12T.dir/home/emerson/.pico-sdk/sdk/2.1.0/src/rp2_common/pico_double/double_aeabi_rp2040.S.o
 .preinit_array.00350
                0x10003d54        0x4 CMakeFiles/U4C4O12T.dir/home/emerson/.pico-sdk/sdk/2.1.0/src/rp2_common/pico_float/float_aeabi_rp2040.S.o
 .preinit_array.00500
                0x10003d58        0x4 CMakeFiles/U4C4O12T.dir/home/emerson/.pico-sdk/sdk/2.1.0/src/rp2_common/pico_runtime_init/runtime_init.c.o
                0x10003d58                __pre_init_runtime_init_clocks
 .preinit_array.00600
                0x10003d5c        0x4 CMakeFiles/U4C4O12T.dir/home/emerson/.pico-sdk/sdk/2.1.0/src/rp2_common/pico_runtime_init/runtime_init.c.o
                0x10003d5c                __pre_init_runtime_init_post_clock_resets
 .preinit_array.00700
                0x10003d60        0x4 CMakeFiles/U4C4O12T.dir/home/emerson/.pico-sdk/sdk/2.1.0/src/rp2_common/pico_runtime_init/runtime_init.c.o
                0x10003d60                __pre_init_runtime_init_rp2040_gpio_ie_disable
 .preinit_array.01000
                0x10003d64        0x4 CMakeFiles/U4C4O12T.dir/home/emerson/.pico-sdk/sdk/2.1.0/src/rp2_common/pico_runtime_init/runtime_init.c.o
                0x10003d64                __pre_init_runtime_init_spin_locks_reset
 .preinit_array.01100
                0x10003d68        0x4 CMakeFiles/U4C4O12T.dir/home/emerson/.pico-sdk/sdk/2.1.0/src/common/pico_sync/mutex.c.o
                0x10003d68                __pre_init_runtime_init_mutex
 .preinit_array.10080
                0x10003d6c        0x4 CMakeFiles/U4C4O12T.dir/home/emerson/.pico-sdk/sdk/2.1.0/src/rp2_common/pico_runtime_init/runtime_init.c.o
                0x10003d6c                __pre_init_runtime_init_install_ram_vector_table
 .preinit_array.11000
                0x10003d70        0x4 CMakeFiles/U4C4O12T.dir/home/emerson/.pico-sdk/sdk/2.1.0/src/common/pico_time/time.c.o
                0x10003d70                __pre_init_runtime_init_default_alarm_pool
 .preinit_array.YYYYY
                0x10003d74        0x4 CMakeFiles/U4C4O12T.dir/home/emerson/.pico-sdk/sdk/2.1.0/src/rp2_common/pico_runtime/runtime.c.o
                0x10003d74                __pre_init_first_per_core_initializer
 .preinit_array.ZZZZZ.01200
                0x10003d78        0x4 CMakeFiles/U4C4O12T.dir/home/emerson/.pico-sdk/sdk/2.1.0/src/rp2_common/hardware_irq/irq.c.o
                0x10003d78                __pre_init_runtime_init_per_core_irq_priorities
 *(.preinit_array)
                0x10003d7c                        PROVIDE (__preinit_array_end = .)
                0x10003d7c                        . = ALIGN (0x4)
                0x10003d7c                        PROVIDE (__init_array_start = .)
 *(SORT_BY_NAME(.init_array.*))
 *(.init_array)
 .init_array    0x10003d7c        0x4 /home/emerson/.pico-sdk/toolchain/13_3_Rel1/bin/../lib/gcc/arm-none-eabi/13.3.1/thumb/v6-m/nofp/crtbegin.o
 .init_array    0x10003d80        0x4 CMakeFiles/U4C4O12T.dir/home/emerson/.pico-sdk/sdk/2.1.0/src/rp2_common/pico_unique_id/unique_id.c.o
                0x10003d84                        PROVIDE (__init_array_end = .)
                0x10003d84                        . = ALIGN (0x4)
                [!provide]                        PROVIDE (__fini_array_start = .)
 *(SORT_BY_NAME(.fini_array.*))
 *(.fini_array)
                [!provide]                        PROVIDE (__fini_array_end = .)
 *(.eh_frame*)
 .eh_frame      0x10003d84        0x0 /home/emerson/.pico-sdk/toolchain/13_3_Rel1/bin/../lib/gcc/arm-none-eabi/13.3.1/thumb/v6-m/nofp/crtbegin.o
                0x10003d84                        . = ALIGN (0x4)

.glue_7         0x10003d84        0x0
 .glue_7        0x10003d84        0x0 linker stubs

.glue_7t        0x10003d84        0x0
 .glue_7t       0x10003d84        0x0 linker stubs

.vfp11_veneer   0x10003d84        0x0
 .vfp11_veneer  0x10003d84        0x0 linker stubs

.v4_bx          0x10003d84        0x0
 .v4_bx         0x10003d84        0x0 linker stubs

.iplt           0x10003d84        0x0
 .iplt          0x10003d84        0x0 /home/emerson/.pico-sdk/toolchain/13_3_Rel1/bin/../lib/gcc/arm-none-eabi/13.3.1/thumb/v6-m/nofp/crtbegin.o

.rodata         0x10003d88      0xd40
 *(EXCLUDE_FILE(*libm.a: *libc.a:*lib_a-mem*.o *libgcc.a:) .rodata*)
 .rodata.display_number.str1.4
                0x10003d88      0x97d CMakeFiles/U4C4O12T.dir/main.c.o
                                 0x16 (size before relaxing)
 .rodata.gpio_add_raw_irq_handler_with_order_priority_masked.str1.4
                0x10004705       0x72 CMakeFiles/U4C4O12T.dir/home/emerson/.pico-sdk/sdk/2.1.0/src/rp2_common/hardware_gpio/gpio.c.o
 .rodata.gpio_set_irq_enabled.str1.4
                0x10004705       0x57 CMakeFiles/U4C4O12T.dir/home/emerson/.pico-sdk/sdk/2.1.0/src/rp2_common/hardware_gpio/gpio.c.o
 *fill*         0x10004705        0x3 
 .rodata.__func__.4
                0x10004708       0x15 CMakeFiles/U4C4O12T.dir/home/emerson/.pico-sdk/sdk/2.1.0/src/rp2_common/hardware_gpio/gpio.c.o
 .rodata.panic.str1.4
                0x1000471d       0x12 CMakeFiles/U4C4O12T.dir/home/emerson/.pico-sdk/sdk/2.1.0/src/rp2_common/pico_platform_panic/panic.c.o
 .rodata.resolve_j_16.str1.4
                0x1000471d       0x5c CMakeFiles/U4C4O12T.dir/home/emerson/.pico-sdk/sdk/2.1.0/src/rp2_common/hardware_irq/irq.c.o
 .rodata.make_j_16.str1.4
                0x1000471d       0x30 CMakeFiles/U4C4O12T.dir/home/emerson/.pico-sdk/sdk/2.1.0/src/rp2_common/hardware_irq/irq.c.o
 .rodata.insert_bl_32.str1.4
                0x1000471d       0x10 CMakeFiles/U4C4O12T.dir/home/emerson/.pico-sdk/sdk/2.1.0/src/rp2_common/hardware_irq/irq.c.o
 .rodata.irq_set_exclusive_handler.str1.4
                0x1000471d       0x36 CMakeFiles/U4C4O12T.dir/home/emerson/.pico-sdk/sdk/2.1.0/src/rp2_common/hardware_irq/irq.c.o
 .rodata.irq_add_shared_handler.str1.4
                0x1000471d       0xd2 CMakeFiles/U4C4O12T.dir/home/emerson/.pico-sdk/sdk/2.1.0/src/rp2_common/hardware_irq/irq.c.o
 .rodata.irq_remove_handler.str1.4
                0x1000471d       0x3a CMakeFiles/U4C4O12T.dir/home/emerson/.pico-sdk/sdk/2.1.0/src/rp2_common/hardware_irq/irq.c.o
 .rodata.irq_add_tail_to_free_list.str1.4
                0x1000471d       0x3a CMakeFiles/U4C4O12T.dir/home/emerson/.pico-sdk/sdk/2.1.0/src/rp2_common/hardware_irq/irq.c.o
 *fill*         0x1000471d        0x3 
 .rodata.__func__.0
                0x10004720       0x1a CMakeFiles/U4C4O12T.dir/home/emerson/.pico-sdk/sdk/2.1.0/src/rp2_common/hardware_irq/irq.c.o
 *fill*         0x1000473a        0x2 
 .rodata.__func__.1
                0x1000473c        0xd CMakeFiles/U4C4O12T.dir/home/emerson/.pico-sdk/sdk/2.1.0/src/rp2_common/hardware_irq/irq.c.o
 *fill*         0x10004749        0x3 
 .rodata.__func__.2
                0x1000474c       0x13 CMakeFiles/U4C4O12T.dir/home/emerson/.pico-sdk/sdk/2.1.0/src/rp2_common/hardware_irq/irq.c.o
 *fill*         0x1000475f        0x1 
 .rodata.__func__.3
                0x10004760        0xa CMakeFiles/U4C4O12T.dir/home/emerson/.pico-sdk/sdk/2.1.0/src/rp2_common/hardware_irq/irq.c.o
 *fill*         0x1000476a        0x2 
 .rodata.__func__.4
                0x1000476c        0xd CMakeFiles/U4C4O12T.dir/home/emerson/.pico-sdk/sdk/2.1.0/src/rp2_common/hardware_irq/irq.c.o
 *fill*         0x10004779        0x3 
 .rodata.__func__.5
                0x1000477c       0x17 CMakeFiles/U4C4O12T.dir/home/emerson/.pico-sdk/sdk/2.1.0/src/rp2_common/hardware_irq/irq.c.o
 *fill*         0x10004793        0x1 
 .rodata.__func__.6
                0x10004794       0x1a CMakeFiles/U4C4O12T.dir/home/emerson/.pico-sdk/sdk/2.1.0/src/rp2_common/hardware_irq/irq.c.o
 .rodata.runtime_init_mutex.str1.4
                0x100047ae       0x5f CMakeFiles/U4C4O12T.dir/home/emerson/.pico-sdk/sdk/2.1.0/src/common/pico_sync/mutex.c.o
 .rodata.str1.4
                0x100047ae       0x51 CMakeFiles/U4C4O12T.dir/home/emerson/.pico-sdk/sdk/2.1.0/src/common/pico_sync/mutex.c.o
 *fill*         0x100047ae        0x2 
 .rodata.__func__.1
                0x100047b0        0xb CMakeFiles/U4C4O12T.dir/home/emerson/.pico-sdk/sdk/2.1.0/src/common/pico_sync/mutex.c.o
 *fill*         0x100047bb        0x1 
 .rodata.__func__.3
                0x100047bc       0x18 CMakeFiles/U4C4O12T.dir/home/emerson/.pico-sdk/sdk/2.1.0/src/common/pico_sync/mutex.c.o
 .rodata.__func__.6
                0x100047d4       0x13 CMakeFiles/U4C4O12T.dir/home/emerson/.pico-sdk/sdk/2.1.0/src/common/pico_sync/mutex.c.o
 .rodata.alarm_pool_irq_handler.str1.4
                0x100047e7       0x6a CMakeFiles/U4C4O12T.dir/home/emerson/.pico-sdk/sdk/2.1.0/src/common/pico_time/time.c.o
 .rodata.alarm_pool_get_default.str1.4
                0x100047e7       0x21 CMakeFiles/U4C4O12T.dir/home/emerson/.pico-sdk/sdk/2.1.0/src/common/pico_time/time.c.o
 .rodata.sleep_until.str1.4
                0x100047e7       0x4d CMakeFiles/U4C4O12T.dir/home/emerson/.pico-sdk/sdk/2.1.0/src/common/pico_time/time.c.o
 *fill*         0x100047e7        0x1 
 .rodata.__func__.1
                0x100047e8       0x17 CMakeFiles/U4C4O12T.dir/home/emerson/.pico-sdk/sdk/2.1.0/src/common/pico_time/time.c.o
 *fill*         0x100047ff        0x1 
 .rodata.__func__.2
                0x10004800       0x17 CMakeFiles/U4C4O12T.dir/home/emerson/.pico-sdk/sdk/2.1.0/src/common/pico_time/time.c.o
 .rodata.timer_hardware_alarm_claim.str1.4
                0x10004817       0x22 CMakeFiles/U4C4O12T.dir/home/emerson/.pico-sdk/sdk/2.1.0/src/rp2_common/hardware_timer/timer.c.o
 .rodata.pll_init.str1.4
                0x10004817      0x118 CMakeFiles/U4C4O12T.dir/home/emerson/.pico-sdk/sdk/2.1.0/src/rp2_common/hardware_pll/pll.c.o
 *fill*         0x10004817        0x1 
 .rodata.__func__.0
                0x10004818        0x9 CMakeFiles/U4C4O12T.dir/home/emerson/.pico-sdk/sdk/2.1.0/src/rp2_common/hardware_pll/pll.c.o
 .rodata.missing_double_func_shim.str1.4
                0x10004821       0x18 CMakeFiles/U4C4O12T.dir/home/emerson/.pico-sdk/sdk/2.1.0/src/rp2_common/pico_double/double_init_rom_rp2040.c.o
 .rodata.__aeabi_double_init.str1.4
                0x10004821       0x9a CMakeFiles/U4C4O12T.dir/home/emerson/.pico-sdk/sdk/2.1.0/src/rp2_common/pico_double/double_init_rom_rp2040.c.o
 *fill*         0x10004821        0x3 
 .rodata.__func__.0
                0x10004824       0x14 CMakeFiles/U4C4O12T.dir/home/emerson/.pico-sdk/sdk/2.1.0/src/rp2_common/pico_double/double_init_rom_rp2040.c.o
 .rodata.missing_float_func_shim.str1.4
                0x10004838        0x1 CMakeFiles/U4C4O12T.dir/home/emerson/.pico-sdk/sdk/2.1.0/src/rp2_common/pico_float/float_init_rom_rp2040.c.o
 .rodata.__aeabi_float_init.str1.4
                0x10004838       0x88 CMakeFiles/U4C4O12T.dir/home/emerson/.pico-sdk/sdk/2.1.0/src/rp2_common/pico_float/float_init_rom_rp2040.c.o
 .rodata.__func__.0
                0x10004838       0x13 CMakeFiles/U4C4O12T.dir/home/emerson/.pico-sdk/sdk/2.1.0/src/rp2_common/pico_float/float_init_rom_rp2040.c.o
 .rodata.str1.4
                0x1000484b       0x44 CMakeFiles/U4C4O12T.dir/home/emerson/.pico-sdk/sdk/2.1.0/src/rp2_common/pico_standard_binary_info/standard_binary_info.c.o
 *fill*         0x1000484b        0x1 
 .rodata.__bi_84
                0x1000484c        0xc CMakeFiles/U4C4O12T.dir/home/emerson/.pico-sdk/sdk/2.1.0/src/rp2_common/pico_standard_binary_info/standard_binary_info.c.o
 .rodata.__bi_78
                0x10004858        0xc CMakeFiles/U4C4O12T.dir/home/emerson/.pico-sdk/sdk/2.1.0/src/rp2_common/pico_standard_binary_info/standard_binary_info.c.o
 .rodata.__bi_60
                0x10004864        0xc CMakeFiles/U4C4O12T.dir/home/emerson/.pico-sdk/sdk/2.1.0/src/rp2_common/pico_standard_binary_info/standard_binary_info.c.o
 .rodata.__bi_54
                0x10004870        0xc CMakeFiles/U4C4O12T.dir/home/emerson/.pico-sdk/sdk/2.1.0/src/rp2_common/pico_standard_binary_info/standard_binary_info.c.o
 .rodata.__bi_48
                0x1000487c        0xc CMakeFiles/U4C4O12T.dir/home/emerson/.pico-sdk/sdk/2.1.0/src/rp2_common/pico_standard_binary_info/standard_binary_info.c.o
 .rodata.__bi_42
                0x10004888        0xc CMakeFiles/U4C4O12T.dir/home/emerson/.pico-sdk/sdk/2.1.0/src/rp2_common/pico_standard_binary_info/standard_binary_info.c.o
 .rodata.__bi_34
                0x10004894        0xc CMakeFiles/U4C4O12T.dir/home/emerson/.pico-sdk/sdk/2.1.0/src/rp2_common/pico_standard_binary_info/standard_binary_info.c.o
 .rodata.__bi_26
                0x100048a0        0xc CMakeFiles/U4C4O12T.dir/home/emerson/.pico-sdk/sdk/2.1.0/src/rp2_common/pico_standard_binary_info/standard_binary_info.c.o
 .rodata._ftoa.str1.4
                0x100048ac       0x15 CMakeFiles/U4C4O12T.dir/home/emerson/.pico-sdk/sdk/2.1.0/src/rp2_common/pico_printf/printf.c.o
 .rodata._vsnprintf
                0x100048ac      0x19c CMakeFiles/U4C4O12T.dir/home/emerson/.pico-sdk/sdk/2.1.0/src/rp2_common/pico_printf/printf.c.o
 .rodata.pow10.0
                0x10004a48       0x50 CMakeFiles/U4C4O12T.dir/home/emerson/.pico-sdk/sdk/2.1.0/src/rp2_common/pico_printf/printf.c.o
 .rodata.__assert_func.str1.4
                0x10004a98       0x43 CMakeFiles/U4C4O12T.dir/home/emerson/.pico-sdk/sdk/2.1.0/src/rp2_common/pico_clib_interface/newlib_interface.c.o
 .rodata.crlf_str.0
                0x10004a98        0x2 CMakeFiles/U4C4O12T.dir/home/emerson/.pico-sdk/sdk/2.1.0/src/rp2_common/pico_stdio/stdio.c.o
 .rodata.str1.4
                0x10004a9a       0x2c CMakeFiles/U4C4O12T.dir/home/emerson/.pico-sdk/sdk/2.1.0/src/rp2_common/pico_stdio_uart/stdio_uart.c.o
 *fill*         0x10004a9a        0x2 
 .rodata.__bi_45.4
                0x10004a9c        0xc CMakeFiles/U4C4O12T.dir/home/emerson/.pico-sdk/sdk/2.1.0/src/rp2_common/pico_stdio_uart/stdio_uart.c.o
 .rodata.__bi_49.5
                0x10004aa8        0x8 CMakeFiles/U4C4O12T.dir/home/emerson/.pico-sdk/sdk/2.1.0/src/rp2_common/pico_stdio_uart/stdio_uart.c.o
 .rodata.__bi_50.6
                0x10004ab0        0x8 CMakeFiles/U4C4O12T.dir/home/emerson/.pico-sdk/sdk/2.1.0/src/rp2_common/pico_stdio_uart/stdio_uart.c.o
 .rodata.str1.4
                0x10004ab8      0x195 CMakeFiles/U4C4O12T.dir/home/emerson/.pico-sdk/sdk/2.1.0/src/rp2_common/hardware_flash/flash.c.o
 .rodata.__func__.0
                0x10004ab8        0xd CMakeFiles/U4C4O12T.dir/home/emerson/.pico-sdk/sdk/2.1.0/src/rp2_common/hardware_flash/flash.c.o
                0x10004c50                        . = ALIGN (0x4)
 *fill*         0x10004ac5        0x3 
 *(SORT_BY_ALIGNMENT(SORT_BY_NAME(.flashdata*)))
                0x10004ac8                        . = ALIGN (0x4)

.ARM.extab
 *(.ARM.extab* .gnu.linkonce.armextab.*)
                0x10004ac8                        __exidx_start = .

.ARM.exidx
 *(.ARM.exidx* .gnu.linkonce.armexidx.*)
                0x10004ac8                        __exidx_end = .
                0x10004ac8                        . = ALIGN (0x4)
                0x10004ac8                        __binary_info_start = .

.binary_info    0x10004ac8       0x2c
 *(.binary_info.keep.*)
 .binary_info.keep.__bi_ptr84
                0x10004ac8        0x4 CMakeFiles/U4C4O12T.dir/home/emerson/.pico-sdk/sdk/2.1.0/src/rp2_common/pico_standard_binary_info/standard_binary_info.c.o
 .binary_info.keep.__bi_ptr78
                0x10004acc        0x4 CMakeFiles/U4C4O12T.dir/home/emerson/.pico-sdk/sdk/2.1.0/src/rp2_common/pico_standard_binary_info/standard_binary_info.c.o
 .binary_info.keep.__bi_ptr60
                0x10004ad0        0x4 CMakeFiles/U4C4O12T.dir/home/emerson/.pico-sdk/sdk/2.1.0/src/rp2_common/pico_standard_binary_info/standard_binary_info.c.o
 .binary_info.keep.__bi_ptr54
                0x10004ad4        0x4 CMakeFiles/U4C4O12T.dir/home/emerson/.pico-sdk/sdk/2.1.0/src/rp2_common/pico_standard_binary_info/standard_binary_info.c.o
 .binary_info.keep.__bi_ptr48
                0x10004ad8        0x4 CMakeFiles/U4C4O12T.dir/home/emerson/.pico-sdk/sdk/2.1.0/src/rp2_common/pico_standard_binary_info/standard_binary_info.c.o
 .binary_info.keep.__bi_ptr42
                0x10004adc        0x4 CMakeFiles/U4C4O12T.dir/home/emerson/.pico-sdk/sdk/2.1.0/src/rp2_common/pico_standard_binary_info/standard_binary_info.c.o
 .binary_info.keep.__bi_ptr34
                0x10004ae0        0x4 CMakeFiles/U4C4O12T.dir/home/emerson/.pico-sdk/sdk/2.1.0/src/rp2_common/pico_standard_binary_info/standard_binary_info.c.o
 .binary_info.keep.__bi_ptr26
                0x10004ae4        0x4 CMakeFiles/U4C4O12T.dir/home/emerson/.pico-sdk/sdk/2.1.0/src/rp2_common/pico_standard_binary_info/standard_binary_info.c.o
 *(.binary_info.*)
 .binary_info.__bi_ptr50
                0x10004ae8        0x4 CMakeFiles/U4C4O12T.dir/home/emerson/.pico-sdk/sdk/2.1.0/src/rp2_common/pico_stdio_uart/stdio_uart.c.o
 .binary_info.__bi_ptr49
                0x10004aec        0x4 CMakeFiles/U4C4O12T.dir/home/emerson/.pico-sdk/sdk/2.1.0/src/rp2_common/pico_stdio_uart/stdio_uart.c.o
 .binary_info.__bi_ptr45
                0x10004af0        0x4 CMakeFiles/U4C4O12T.dir/home/emerson/.pico-sdk/sdk/2.1.0/src/rp2_common/pico_stdio_uart/stdio_uart.c.o
                0x10004af4                        __binary_info_end = .

.rel.dyn        0x10004af4        0x0
 .rel.iplt      0x10004af4        0x0 /home/emerson/.pico-sdk/toolchain/13_3_Rel1/bin/../lib/gcc/arm-none-eabi/13.3.1/thumb/v6-m/nofp/crtbegin.o
                0x10004af4                        . = ALIGN (0x4)

.ram_vector_table
                0x20000000       0xc0
 *(.ram_vector_table)
 .ram_vector_table
                0x20000000       0xc0 CMakeFiles/U4C4O12T.dir/home/emerson/.pico-sdk/sdk/2.1.0/src/rp2_common/pico_runtime_init/runtime_init.c.o
                0x20000000                ram_vector_table

.uninitialized_data
                0x200000c0        0x0
                0x200000c0                        . = ALIGN (0x4)
 *(.uninitialized_data*)

.data           0x200000c0      0x360 load address 0x10004af4
                0x200000c0                        __data_start__ = .
 *(vtable)
 *(.time_critical*)
 .time_critical.mutex_try_enter
                0x200000c0       0x48 CMakeFiles/U4C4O12T.dir/home/emerson/.pico-sdk/sdk/2.1.0/src/common/pico_sync/mutex.c.o
                0x200000c0                mutex_try_enter
 .time_critical.mutex_enter_block_until
                0x20000108       0x90 CMakeFiles/U4C4O12T.dir/home/emerson/.pico-sdk/sdk/2.1.0/src/common/pico_sync/mutex.c.o
                0x20000108                mutex_enter_block_until
 .time_critical.mutex_try_enter_block_until
                0x20000198       0x34 CMakeFiles/U4C4O12T.dir/home/emerson/.pico-sdk/sdk/2.1.0/src/common/pico_sync/mutex.c.o
                0x20000198                mutex_try_enter_block_until
 .time_critical.mutex_exit
                0x200001cc       0x4c CMakeFiles/U4C4O12T.dir/home/emerson/.pico-sdk/sdk/2.1.0/src/common/pico_sync/mutex.c.o
                0x200001cc                mutex_exit
 .time_critical.flash_init_boot2_copyout
                0x20000218       0x30 CMakeFiles/U4C4O12T.dir/home/emerson/.pico-sdk/sdk/2.1.0/src/rp2_common/hardware_flash/flash.c.o
 .time_critical.flash_enable_xip_via_boot2
                0x20000248        0xc CMakeFiles/U4C4O12T.dir/home/emerson/.pico-sdk/sdk/2.1.0/src/rp2_common/hardware_flash/flash.c.o
 .time_critical.flash_cs_force
                0x20000254       0x28 CMakeFiles/U4C4O12T.dir/home/emerson/.pico-sdk/sdk/2.1.0/src/rp2_common/hardware_flash/flash.c.o
 .time_critical.flash_do_cmd
                0x2000027c       0xd8 CMakeFiles/U4C4O12T.dir/home/emerson/.pico-sdk/sdk/2.1.0/src/rp2_common/hardware_flash/flash.c.o
                0x2000027c                flash_do_cmd
 *(.text*)
 .text          0x20000354        0x4 /home/emerson/.pico-sdk/toolchain/13_3_Rel1/bin/../lib/gcc/arm-none-eabi/13.3.1/thumb/v6-m/nofp/libgcc.a(_dvmd_tls.o)
                0x20000354                __aeabi_ldiv0
                0x20000354                __aeabi_idiv0
 .text.__stub   0x20000358       0x20 linker stubs
                0x20000378                        . = ALIGN (0x4)
 *(.rodata*)
                0x20000378                        . = ALIGN (0x4)
 *(.data*)
 .data.update_display
                0x20000378        0x1 CMakeFiles/U4C4O12T.dir/main.c.o
                0x20000378                update_display
 .data.striped_spin_lock_num
                0x20000379        0x1 CMakeFiles/U4C4O12T.dir/home/emerson/.pico-sdk/sdk/2.1.0/src/rp2_common/hardware_sync/sync.c.o
 *fill*         0x2000037a        0x2 
 .data          0x2000037c       0x48 CMakeFiles/U4C4O12T.dir/home/emerson/.pico-sdk/sdk/2.1.0/src/rp2_common/hardware_irq/irq_handler_chain.S.o
                0x2000037c                irq_handler_chain_slots
                0x200003ac                irq_handler_chain_first_slot
                0x200003b6                irq_handler_chain_remove_tail
 .data.default_alarm_pool
                0x200003c4       0x18 CMakeFiles/U4C4O12T.dir/home/emerson/.pico-sdk/sdk/2.1.0/src/common/pico_time/time.c.o
 *fill*         0x200003dc        0x4 
 .data.aeabi_bits_funcs
                0x200003e0       0x10 CMakeFiles/U4C4O12T.dir/home/emerson/.pico-sdk/sdk/2.1.0/src/rp2_common/pico_bit_ops/bit_ops_aeabi.S.o
                0x200003e0                aeabi_bits_funcs
                0x200003f0                aeabi_bits_funcs_end
 .data.aeabi_mem_funcs
                0x200003f0       0x10 CMakeFiles/U4C4O12T.dir/home/emerson/.pico-sdk/sdk/2.1.0/src/rp2_common/pico_mem_ops/mem_ops_aeabi.S.o
                0x200003f0                aeabi_mem_funcs
                0x20000400                aeabi_mem_funcs_end
 .data.stdio_uart
                0x20000400       0x18 CMakeFiles/U4C4O12T.dir/home/emerson/.pico-sdk/sdk/2.1.0/src/rp2_common/pico_stdio_uart/stdio_uart.c.o
                0x20000400                stdio_uart
                0x20000418                        . = ALIGN (0x4)
 *(.after_data.*)
                0x20000418                        . = ALIGN (0x4)
                0x20000418                        PROVIDE (__mutex_array_start = .)
 *(SORT_BY_NAME(.mutex_array.*))
 *(.mutex_array)
 .mutex_array   0x20000418        0x8 CMakeFiles/U4C4O12T.dir/home/emerson/.pico-sdk/sdk/2.1.0/src/rp2_common/pico_stdio/stdio.c.o
                0x20000420                        PROVIDE (__mutex_array_end = .)
                0x20000420                        . = ALIGN (0x4)
 *(.jcr)
                0x20000420                        . = ALIGN (0x4)

.tm_clone_table
                0x20000420        0x0 load address 0x10004e54
 .tm_clone_table
                0x20000420        0x0 /home/emerson/.pico-sdk/toolchain/13_3_Rel1/bin/../lib/gcc/arm-none-eabi/13.3.1/thumb/v6-m/nofp/crtbegin.o
 .tm_clone_table
                0x20000420        0x0 /home/emerson/.pico-sdk/toolchain/13_3_Rel1/bin/../lib/gcc/arm-none-eabi/13.3.1/thumb/v6-m/nofp/crtend.o

.igot.plt       0x20000420        0x0 load address 0x10004e54
 .igot.plt      0x20000420        0x0 /home/emerson/.pico-sdk/toolchain/13_3_Rel1/bin/../lib/gcc/arm-none-eabi/13.3.1/thumb/v6-m/nofp/crtbegin.o

.tdata          0x20000420        0x0 load address 0x10004e54
                0x20000420                        . = ALIGN (0x4)
 *(.tdata .tdata.* .gnu.linkonce.td.*)
                0x20000420                        __tdata_end = .
                0x20000420                        PROVIDE (__data_end__ = .)
                0x10004af4                        __etext = LOADADDR (.data)

.tbss           0x20000420        0x0 load address 0x10004e54
                0x20000420                        . = ALIGN (0x4)
                0x20000420                        __bss_start__ = .
                0x20000420                        __tls_base = .
 *(.tbss .tbss.* .gnu.linkonce.tb.*)
 *(.tcommon)
                0x20000420                        __tls_end = .

.bss            0x20000420      0x51c load address 0x10004e54
                0x20000420                        . = ALIGN (0x4)
                0x20000420                        __tbss_end = .
 *(SORT_BY_ALIGNMENT(SORT_BY_NAME(.bss*)))
 .bss.default_alarm_pool_entries
                0x20000420      0x180 CMakeFiles/U4C4O12T.dir/home/emerson/.pico-sdk/sdk/2.1.0/src/common/pico_time/time.c.o
 .bss.last_toggle.1
                0x200005a0        0x8 CMakeFiles/U4C4O12T.dir/main.c.o
 .bss.boot2_copyout
                0x200005a8      0x100 CMakeFiles/U4C4O12T.dir/home/emerson/.pico-sdk/sdk/2.1.0/src/rp2_common/hardware_flash/flash.c.o
 .bss.callbacks
                0x200006a8        0x8 CMakeFiles/U4C4O12T.dir/home/emerson/.pico-sdk/sdk/2.1.0/src/rp2_common/hardware_gpio/gpio.c.o
 .bss.chars_available_callback
                0x200006b0        0x4 CMakeFiles/U4C4O12T.dir/home/emerson/.pico-sdk/sdk/2.1.0/src/rp2_common/pico_stdio_uart/stdio_uart.c.o
 .bss.chars_available_param
                0x200006b4        0x4 CMakeFiles/U4C4O12T.dir/home/emerson/.pico-sdk/sdk/2.1.0/src/rp2_common/pico_stdio_uart/stdio_uart.c.o
 .bss.claimed   0x200006b8        0x1 CMakeFiles/U4C4O12T.dir/home/emerson/.pico-sdk/sdk/2.1.0/src/rp2_common/hardware_timer/timer.c.o
 *fill*         0x200006b9        0x3 
 .bss.configured_freq
                0x200006bc       0x28 CMakeFiles/U4C4O12T.dir/home/emerson/.pico-sdk/sdk/2.1.0/src/rp2_common/hardware_clocks/clocks.c.o
 .bss.drivers   0x200006e4        0x4 CMakeFiles/U4C4O12T.dir/home/emerson/.pico-sdk/sdk/2.1.0/src/rp2_common/pico_stdio/stdio.c.o
 .bss.filter    0x200006e8        0x4 CMakeFiles/U4C4O12T.dir/home/emerson/.pico-sdk/sdk/2.1.0/src/rp2_common/pico_stdio/stdio.c.o
 .bss.number    0x200006ec        0x4 CMakeFiles/U4C4O12T.dir/main.c.o
                0x200006ec                number
 .bss.object.0  0x200006f0       0x18 /home/emerson/.pico-sdk/toolchain/13_3_Rel1/bin/../lib/gcc/arm-none-eabi/13.3.1/thumb/v6-m/nofp/crtbegin.o
 .bss.pools     0x20000708       0x10 CMakeFiles/U4C4O12T.dir/home/emerson/.pico-sdk/sdk/2.1.0/src/common/pico_time/time.c.o
 .bss.raw_irq_mask
                0x20000718        0x8 CMakeFiles/U4C4O12T.dir/home/emerson/.pico-sdk/sdk/2.1.0/src/rp2_common/hardware_gpio/gpio.c.o
 .bss.retrieved_id
                0x20000720        0x8 CMakeFiles/U4C4O12T.dir/home/emerson/.pico-sdk/sdk/2.1.0/src/rp2_common/pico_unique_id/unique_id.c.o
 .bss.sd_table  0x20000728      0x100 CMakeFiles/U4C4O12T.dir/home/emerson/.pico-sdk/sdk/2.1.0/src/rp2_common/pico_double/double_init_rom_rp2040.c.o
                0x20000728                sd_table
 .bss.sf_clz_func
                0x20000828        0x4 CMakeFiles/U4C4O12T.dir/home/emerson/.pico-sdk/sdk/2.1.0/src/rp2_common/pico_double/double_init_rom_rp2040.c.o
                0x20000828                sf_clz_func
 .bss.sf_table  0x2000082c      0x100 CMakeFiles/U4C4O12T.dir/home/emerson/.pico-sdk/sdk/2.1.0/src/rp2_common/pico_float/float_init_rom_rp2040.c.o
                0x2000082c                sf_table
 .bss.sleep_notifier
                0x2000092c        0x4 CMakeFiles/U4C4O12T.dir/home/emerson/.pico-sdk/sdk/2.1.0/src/common/pico_time/time.c.o
 .bss.uart_char_to_line_feed
                0x20000930        0x4 CMakeFiles/U4C4O12T.dir/home/emerson/.pico-sdk/sdk/2.1.0/src/rp2_common/hardware_uart/uart.c.o
                0x20000930                uart_char_to_line_feed
 .bss.uart_instance
                0x20000934        0x4 CMakeFiles/U4C4O12T.dir/home/emerson/.pico-sdk/sdk/2.1.0/src/rp2_common/pico_stdio_uart/stdio_uart.c.o
 .bss.boot2_copyout_valid
                0x20000938        0x1 CMakeFiles/U4C4O12T.dir/home/emerson/.pico-sdk/sdk/2.1.0/src/rp2_common/hardware_flash/flash.c.o
 .bss.irq_handler_chain_free_slot_head
                0x20000939        0x1 CMakeFiles/U4C4O12T.dir/home/emerson/.pico-sdk/sdk/2.1.0/src/rp2_common/hardware_irq/irq.c.o
 .bss.led_state.0
                0x2000093a        0x1 CMakeFiles/U4C4O12T.dir/main.c.o
 *(COMMON)
                0x2000093c                        . = ALIGN (0x4)
 *fill*         0x2000093b        0x1 
                0x2000093c                        __bss_end__ = .

.heap           0x2000093c      0x800 load address 0x10004e54
                0x2000093c                        __end__ = .
                0x2000093c                        end = __end__
 *(.heap*)
 .heap          0x2000093c      0x800 CMakeFiles/U4C4O12T.dir/home/emerson/.pico-sdk/sdk/2.1.0/src/rp2_common/pico_crt0/crt0.S.o
                0x20040000                        __HeapLimit = (ORIGIN (RAM) + LENGTH (RAM))

.scratch_x      0x20040000        0x0 load address 0x10004e54
                0x20040000                        __scratch_x_start__ = .
 *(.scratch_x.*)
                0x20040000                        . = ALIGN (0x4)
                0x20040000                        __scratch_x_end__ = .
                0x10004e54                        __scratch_x_source__ = LOADADDR (.scratch_x)

.scratch_y      0x20041000        0x0 load address 0x10004e54
                0x20041000                        __scratch_y_start__ = .
 *(.scratch_y.*)
                0x20041000                        . = ALIGN (0x4)
                0x20041000                        __scratch_y_end__ = .
                0x10004e54                        __scratch_y_source__ = LOADADDR (.scratch_y)

.stack1_dummy
 *(.stack1*)

.stack_dummy    0x20041000      0x800
 *(.stack*)
 .stack         0x20041000      0x800 CMakeFiles/U4C4O12T.dir/home/emerson/.pico-sdk/sdk/2.1.0/src/rp2_common/pico_crt0/crt0.S.o

.flash_end      0x10004e54        0x0
 *(.embedded_end_block*)
                0x10004e54                        PROVIDE (__flash_binary_end = .)
                0x20040000                        __StackLimit = (ORIGIN (RAM) + LENGTH (RAM))
                0x20041000                        __StackOneTop = (ORIGIN (SCRATCH_X) + LENGTH (SCRATCH_X))
                0x20042000                        __StackTop = (ORIGIN (SCRATCH_Y) + LENGTH (SCRATCH_Y))
                0x20041000                        __StackOneBottom = (__StackOneTop - SIZEOF (.stack1_dummy))
                0x20041800                        __StackBottom = (__StackTop - SIZEOF (.stack_dummy))
                0x20042000                        PROVIDE (__stack = __StackTop)
                [!provide]                        PROVIDE (__heap_start = __end__)
                [!provide]                        PROVIDE (__heap_end = __HeapLimit)
                [!provide]                        PROVIDE (__tls_align = MAX (ALIGNOF (.tdata), ALIGNOF (.tbss)))
                [!provide]                        PROVIDE (__tls_size_align = (((__tls_size + __tls_align) - 0x1) & ~ ((__tls_align - 0x1))))
                [!provide]                        PROVIDE (__arm32_tls_tcb_offset = MAX (0x8, __tls_align))
                [!provide]                        PROVIDE (_end = __end__)
                [!provide]                        PROVIDE (__llvm_libc_heap_limit = __HeapLimit)
                0x00000001                        ASSERT ((__StackLimit >= __HeapLimit), region RAM overflowed)
                0x00000001                        ASSERT (((__binary_info_header_end - __logical_binary_start) <= 0x100), Binary info must be in first 256 bytes of the binary)
LOAD CMakeFiles/U4C4O12T.dir/main.c.o
LOAD CMakeFiles/U4C4O12T.dir/home/emerson/.pico-sdk/sdk/2.1.0/src/rp2_common/pico_stdlib/stdlib.c.o
LOAD CMakeFiles/U4C4O12T.dir/home/emerson/.pico-sdk/sdk/2.1.0/src/rp2_common/hardware_gpio/gpio.c.o
LOAD CMakeFiles/U4C4O12T.dir/home/emerson/.pico-sdk/sdk/2.1.0/src/rp2040/pico_platform/platform.c.o
LOAD CMakeFiles/U4C4O12T.dir/home/emerson/.pico-sdk/sdk/2.1.0/src/rp2_common/pico_platform_panic/panic.c.o
LOAD CMakeFiles/U4C4O12T.dir/home/emerson/.pico-sdk/sdk/2.1.0/src/common/hardware_claim/claim.c.o
LOAD CMakeFiles/U4C4O12T.dir/home/emerson/.pico-sdk/sdk/2.1.0/src/rp2_common/hardware_sync/sync.c.o
LOAD CMakeFiles/U4C4O12T.dir/home/emerson/.pico-sdk/sdk/2.1.0/src/rp2_common/hardware_sync_spin_lock/sync_spin_lock.c.o
LOAD CMakeFiles/U4C4O12T.dir/home/emerson/.pico-sdk/sdk/2.1.0/src/rp2_common/hardware_irq/irq.c.o
LOAD CMakeFiles/U4C4O12T.dir/home/emerson/.pico-sdk/sdk/2.1.0/src/rp2_common/hardware_irq/irq_handler_chain.S.o
LOAD CMakeFiles/U4C4O12T.dir/home/emerson/.pico-sdk/sdk/2.1.0/src/common/pico_sync/sem.c.o
LOAD CMakeFiles/U4C4O12T.dir/home/emerson/.pico-sdk/sdk/2.1.0/src/common/pico_sync/lock_core.c.o
LOAD CMakeFiles/U4C4O12T.dir/home/emerson/.pico-sdk/sdk/2.1.0/src/common/pico_sync/mutex.c.o
LOAD CMakeFiles/U4C4O12T.dir/home/emerson/.pico-sdk/sdk/2.1.0/src/common/pico_sync/critical_section.c.o
LOAD CMakeFiles/U4C4O12T.dir/home/emerson/.pico-sdk/sdk/2.1.0/src/common/pico_time/time.c.o
LOAD CMakeFiles/U4C4O12T.dir/home/emerson/.pico-sdk/sdk/2.1.0/src/common/pico_time/timeout_helper.c.o
LOAD CMakeFiles/U4C4O12T.dir/home/emerson/.pico-sdk/sdk/2.1.0/src/rp2_common/hardware_timer/timer.c.o
LOAD CMakeFiles/U4C4O12T.dir/home/emerson/.pico-sdk/sdk/2.1.0/src/common/pico_util/datetime.c.o
LOAD CMakeFiles/U4C4O12T.dir/home/emerson/.pico-sdk/sdk/2.1.0/src/common/pico_util/pheap.c.o
LOAD CMakeFiles/U4C4O12T.dir/home/emerson/.pico-sdk/sdk/2.1.0/src/common/pico_util/queue.c.o
LOAD CMakeFiles/U4C4O12T.dir/home/emerson/.pico-sdk/sdk/2.1.0/src/rp2_common/hardware_uart/uart.c.o
LOAD CMakeFiles/U4C4O12T.dir/home/emerson/.pico-sdk/sdk/2.1.0/src/rp2_common/hardware_clocks/clocks.c.o
LOAD CMakeFiles/U4C4O12T.dir/home/emerson/.pico-sdk/sdk/2.1.0/src/rp2_common/hardware_pll/pll.c.o
LOAD CMakeFiles/U4C4O12T.dir/home/emerson/.pico-sdk/sdk/2.1.0/src/rp2_common/hardware_vreg/vreg.c.o
LOAD CMakeFiles/U4C4O12T.dir/home/emerson/.pico-sdk/sdk/2.1.0/src/rp2_common/hardware_watchdog/watchdog.c.o
LOAD CMakeFiles/U4C4O12T.dir/home/emerson/.pico-sdk/sdk/2.1.0/src/rp2_common/hardware_ticks/ticks.c.o
LOAD CMakeFiles/U4C4O12T.dir/home/emerson/.pico-sdk/sdk/2.1.0/src/rp2_common/pico_bootrom/bootrom.c.o
LOAD CMakeFiles/U4C4O12T.dir/home/emerson/.pico-sdk/sdk/2.1.0/src/rp2_common/pico_bootrom/bootrom_lock.c.o
LOAD CMakeFiles/U4C4O12T.dir/home/emerson/.pico-sdk/sdk/2.1.0/src/rp2_common/hardware_boot_lock/boot_lock.c.o
LOAD CMakeFiles/U4C4O12T.dir/home/emerson/.pico-sdk/sdk/2.1.0/src/rp2_common/pico_flash/flash.c.o
LOAD CMakeFiles/U4C4O12T.dir/home/emerson/.pico-sdk/sdk/2.1.0/src/rp2_common/hardware_xosc/xosc.c.o
LOAD CMakeFiles/U4C4O12T.dir/home/emerson/.pico-sdk/sdk/2.1.0/src/rp2_common/hardware_divider/divider.S.o
LOAD CMakeFiles/U4C4O12T.dir/home/emerson/.pico-sdk/sdk/2.1.0/src/rp2_common/pico_runtime/runtime.c.o
LOAD CMakeFiles/U4C4O12T.dir/home/emerson/.pico-sdk/sdk/2.1.0/src/rp2_common/pico_runtime_init/runtime_init.c.o
LOAD CMakeFiles/U4C4O12T.dir/home/emerson/.pico-sdk/sdk/2.1.0/src/rp2_common/pico_runtime_init/runtime_init_clocks.c.o
LOAD CMakeFiles/U4C4O12T.dir/home/emerson/.pico-sdk/sdk/2.1.0/src/rp2_common/pico_runtime_init/runtime_init_stack_guard.c.o
LOAD CMakeFiles/U4C4O12T.dir/home/emerson/.pico-sdk/sdk/2.1.0/src/rp2_common/pico_bit_ops/bit_ops_aeabi.S.o
LOAD CMakeFiles/U4C4O12T.dir/home/emerson/.pico-sdk/sdk/2.1.0/src/rp2_common/pico_divider/divider_hardware.S.o
LOAD CMakeFiles/U4C4O12T.dir/home/emerson/.pico-sdk/sdk/2.1.0/src/rp2_common/pico_double/double_aeabi_rp2040.S.o
LOAD CMakeFiles/U4C4O12T.dir/home/emerson/.pico-sdk/sdk/2.1.0/src/rp2_common/pico_double/double_init_rom_rp2040.c.o
LOAD CMakeFiles/U4C4O12T.dir/home/emerson/.pico-sdk/sdk/2.1.0/src/rp2_common/pico_double/double_math.c.o
LOAD CMakeFiles/U4C4O12T.dir/home/emerson/.pico-sdk/sdk/2.1.0/src/rp2_common/pico_double/double_v1_rom_shim_rp2040.S.o
LOAD CMakeFiles/U4C4O12T.dir/home/emerson/.pico-sdk/sdk/2.1.0/src/rp2_common/pico_int64_ops/pico_int64_ops_aeabi.S.o
LOAD CMakeFiles/U4C4O12T.dir/home/emerson/.pico-sdk/sdk/2.1.0/src/rp2_common/pico_float/float_aeabi_rp2040.S.o
LOAD CMakeFiles/U4C4O12T.dir/home/emerson/.pico-sdk/sdk/2.1.0/src/rp2_common/pico_float/float_init_rom_rp2040.c.o
LOAD CMakeFiles/U4C4O12T.dir/home/emerson/.pico-sdk/sdk/2.1.0/src/rp2_common/pico_float/float_math.c.o
LOAD CMakeFiles/U4C4O12T.dir/home/emerson/.pico-sdk/sdk/2.1.0/src/rp2_common/pico_float/float_v1_rom_shim_rp2040.S.o
LOAD CMakeFiles/U4C4O12T.dir/home/emerson/.pico-sdk/sdk/2.1.0/src/rp2_common/pico_malloc/malloc.c.o
LOAD CMakeFiles/U4C4O12T.dir/home/emerson/.pico-sdk/sdk/2.1.0/src/rp2_common/pico_mem_ops/mem_ops_aeabi.S.o
LOAD CMakeFiles/U4C4O12T.dir/home/emerson/.pico-sdk/sdk/2.1.0/src/rp2_common/pico_atomic/atomic.c.o
LOAD CMakeFiles/U4C4O12T.dir/home/emerson/.pico-sdk/sdk/2.1.0/src/rp2_common/pico_cxx_options/new_delete.cpp.o
LOAD CMakeFiles/U4C4O12T.dir/home/emerson/.pico-sdk/sdk/2.1.0/src/rp2_common/pico_standard_binary_info/standard_binary_info.c.o
LOAD CMakeFiles/U4C4O12T.dir/home/emerson/.pico-sdk/sdk/2.1.0/src/rp2_common/pico_printf/printf.c.o
LOAD CMakeFiles/U4C4O12T.dir/home/emerson/.pico-sdk/sdk/2.1.0/src/rp2_common/pico_crt0/crt0.S.o
LOAD CMakeFiles/U4C4O12T.dir/home/emerson/.pico-sdk/sdk/2.1.0/src/rp2_common/pico_clib_interface/newlib_interface.c.o
LOAD CMakeFiles/U4C4O12T.dir/home/emerson/.pico-sdk/sdk/2.1.0/src/rp2_common/pico_stdio/stdio.c.o
LOAD CMakeFiles/U4C4O12T.dir/home/emerson/.pico-sdk/sdk/2.1.0/src/rp2_common/pico_stdio_uart/stdio_uart.c.o
LOAD CMakeFiles/U4C4O12T.dir/home/emerson/.pico-sdk/sdk/2.1.0/src/rp2_common/hardware_pio/pio.c.o
LOAD CMakeFiles/U4C4O12T.dir/home/emerson/.pico-sdk/sdk/2.1.0/src/rp2_common/pico_cyw43_arch/cyw43_arch.c.o
LOAD CMakeFiles/U4C4O12T.dir/home/emerson/.pico-sdk/sdk/2.1.0/src/rp2_common/pico_cyw43_arch/cyw43_arch_poll.c.o
LOAD CMakeFiles/U4C4O12T.dir/home/emerson/.pico-sdk/sdk/2.1.0/src/rp2_common/pico_cyw43_arch/cyw43_arch_threadsafe_background.c.o
LOAD CMakeFiles/U4C4O12T.dir/home/emerson/.pico-sdk/sdk/2.1.0/src/rp2_common/pico_cyw43_arch/cyw43_arch_freertos.c.o
LOAD CMakeFiles/U4C4O12T.dir/home/emerson/.pico-sdk/sdk/2.1.0/src/rp2_common/pico_unique_id/unique_id.c.o
LOAD CMakeFiles/U4C4O12T.dir/home/emerson/.pico-sdk/sdk/2.1.0/src/rp2_common/hardware_flash/flash.c.o
LOAD CMakeFiles/U4C4O12T.dir/home/emerson/.pico-sdk/sdk/2.1.0/src/rp2_common/hardware_xip_cache/xip_cache.c.o
LOAD CMakeFiles/U4C4O12T.dir/home/emerson/.pico-sdk/sdk/2.1.0/src/rp2_common/pico_cyw43_driver/cyw43_bus_pio_spi.c.o
LOAD CMakeFiles/U4C4O12T.dir/home/emerson/.pico-sdk/sdk/2.1.0/lib/cyw43-driver/src/cyw43_ll.c.o
LOAD CMakeFiles/U4C4O12T.dir/home/emerson/.pico-sdk/sdk/2.1.0/lib/cyw43-driver/src/cyw43_stats.c.o
LOAD CMakeFiles/U4C4O12T.dir/home/emerson/.pico-sdk/sdk/2.1.0/lib/cyw43-driver/src/cyw43_lwip.c.o
LOAD CMakeFiles/U4C4O12T.dir/home/emerson/.pico-sdk/sdk/2.1.0/lib/cyw43-driver/src/cyw43_ctrl.c.o
LOAD CMakeFiles/U4C4O12T.dir/home/emerson/.pico-sdk/sdk/2.1.0/src/rp2_common/pico_cyw43_driver/cybt_shared_bus/cybt_shared_bus.c.o
LOAD CMakeFiles/U4C4O12T.dir/home/emerson/.pico-sdk/sdk/2.1.0/src/rp2_common/pico_cyw43_driver/cybt_shared_bus/cybt_shared_bus_driver.c.o
LOAD CMakeFiles/U4C4O12T.dir/home/emerson/.pico-sdk/sdk/2.1.0/src/rp2_common/hardware_dma/dma.c.o
LOAD CMakeFiles/U4C4O12T.dir/home/emerson/.pico-sdk/sdk/2.1.0/src/rp2_common/hardware_exception/exception.c.o
LOAD CMakeFiles/U4C4O12T.dir/home/emerson/.pico-sdk/sdk/2.1.0/src/rp2_common/pico_cyw43_driver/cyw43_driver.c.o
LOAD CMakeFiles/U4C4O12T.dir/home/emerson/.pico-sdk/sdk/2.1.0/src/rp2_common/pico_async_context/async_context_threadsafe_background.c.o
LOAD CMakeFiles/U4C4O12T.dir/home/emerson/.pico-sdk/sdk/2.1.0/src/rp2_common/pico_async_context/async_context_base.c.o
LOAD pico-sdk/src/rp2040/boot_stage2/CMakeFiles/bs2_default_library.dir/bs2_default_padded_checksummed.S.o
LOAD /home/emerson/.pico-sdk/toolchain/13_3_Rel1/bin/../lib/gcc/arm-none-eabi/13.3.1/../../../../arm-none-eabi/lib/thumb/v6-m/nofp/libstdc++.a
LOAD /home/emerson/.pico-sdk/toolchain/13_3_Rel1/bin/../lib/gcc/arm-none-eabi/13.3.1/../../../../arm-none-eabi/lib/thumb/v6-m/nofp/libm.a
START GROUP
LOAD /home/emerson/.pico-sdk/toolchain/13_3_Rel1/bin/../lib/gcc/arm-none-eabi/13.3.1/thumb/v6-m/nofp/libgcc.a
LOAD /home/emerson/.pico-sdk/toolchain/13_3_Rel1/bin/../lib/gcc/arm-none-eabi/13.3.1/../../../../arm-none-eabi/lib/thumb/v6-m/nofp/libg.a
LOAD /home/emerson/.pico-sdk/toolchain/13_3_Rel1/bin/../lib/gcc/arm-none-eabi/13.3.1/../../../../arm-none-eabi/lib/thumb/v6-m/nofp/libc.a
END GROUP
START GROUP
LOAD /home/emerson/.pico-sdk/toolchain/13_3_Rel1/bin/../lib/gcc/arm-none-eabi/13.3.1/thumb/v6-m/nofp/libgcc.a
LOAD /home/emerson/.pico-sdk/toolchain/13_3_Rel1/bin/../lib/gcc/arm-none-eabi/13.3.1/../../../../arm-none-eabi/lib/thumb/v6-m/nofp/libc.a
LOAD /home/emerson/.pico-sdk/toolchain/13_3_Rel1/bin/../lib/gcc/arm-none-eabi/13.3.1/../../../../arm-none-eabi/lib/thumb/v6-m/nofp/libnosys.a
END GROUP
LOAD /home/emerson/.pico-sdk/toolchain/13_3_Rel1/bin/../lib/gcc/arm-none-eabi/13.3.1/thumb/v6-m/nofp/crtend.o
LOAD /home/emerson/.pico-sdk/toolchain/13_3_Rel1/bin/../lib/gcc/arm-none-eabi/13.3.1/thumb/v6-m/nofp/crtn.o
OUTPUT(U4C4O12T.elf elf32-littlearm)
LOAD linker stubs

.ARM.attributes
                0x00000000       0x28
 .ARM.attributes
                0x00000000       0x1e /home/emerson/.pico-sdk/toolchain/13_3_Rel1/bin/../lib/gcc/arm-none-eabi/13.3.1/thumb/v6-m/nofp/crti.o
 .ARM.attributes
                0x0000001e       0x2c /home/emerson/.pico-sdk/toolchain/13_3_Rel1/bin/../lib/gcc/arm-none-eabi/13.3.1/thumb/v6-m/nofp/crtbegin.o
 .ARM.attributes
                0x0000004a       0x2c CMakeFiles/U4C4O12T.dir/main.c.o
 .ARM.attributes
                0x00000076       0x2c CMakeFiles/U4C4O12T.dir/home/emerson/.pico-sdk/sdk/2.1.0/src/rp2_common/hardware_gpio/gpio.c.o
 .ARM.attributes
                0x000000a2       0x2c CMakeFiles/U4C4O12T.dir/home/emerson/.pico-sdk/sdk/2.1.0/src/rp2_common/pico_platform_panic/panic.c.o
 .ARM.attributes
                0x000000ce       0x2c CMakeFiles/U4C4O12T.dir/home/emerson/.pico-sdk/sdk/2.1.0/src/common/hardware_claim/claim.c.o
 .ARM.attributes
                0x000000fa       0x2c CMakeFiles/U4C4O12T.dir/home/emerson/.pico-sdk/sdk/2.1.0/src/rp2_common/hardware_sync/sync.c.o
 .ARM.attributes
                0x00000126       0x2c CMakeFiles/U4C4O12T.dir/home/emerson/.pico-sdk/sdk/2.1.0/src/rp2_common/hardware_sync_spin_lock/sync_spin_lock.c.o
 .ARM.attributes
                0x00000152       0x2c CMakeFiles/U4C4O12T.dir/home/emerson/.pico-sdk/sdk/2.1.0/src/rp2_common/hardware_irq/irq.c.o
 .ARM.attributes
                0x0000017e       0x22 CMakeFiles/U4C4O12T.dir/home/emerson/.pico-sdk/sdk/2.1.0/src/rp2_common/hardware_irq/irq_handler_chain.S.o
 .ARM.attributes
                0x000001a0       0x2c CMakeFiles/U4C4O12T.dir/home/emerson/.pico-sdk/sdk/2.1.0/src/common/pico_sync/lock_core.c.o
 .ARM.attributes
                0x000001cc       0x2c CMakeFiles/U4C4O12T.dir/home/emerson/.pico-sdk/sdk/2.1.0/src/common/pico_sync/mutex.c.o
 .ARM.attributes
                0x000001f8       0x2c CMakeFiles/U4C4O12T.dir/home/emerson/.pico-sdk/sdk/2.1.0/src/common/pico_time/time.c.o
 .ARM.attributes
                0x00000224       0x2c CMakeFiles/U4C4O12T.dir/home/emerson/.pico-sdk/sdk/2.1.0/src/rp2_common/hardware_timer/timer.c.o
 .ARM.attributes
                0x00000250       0x2c CMakeFiles/U4C4O12T.dir/home/emerson/.pico-sdk/sdk/2.1.0/src/rp2_common/hardware_uart/uart.c.o
 .ARM.attributes
                0x0000027c       0x2c CMakeFiles/U4C4O12T.dir/home/emerson/.pico-sdk/sdk/2.1.0/src/rp2_common/hardware_clocks/clocks.c.o
 .ARM.attributes
                0x000002a8       0x2c CMakeFiles/U4C4O12T.dir/home/emerson/.pico-sdk/sdk/2.1.0/src/rp2_common/hardware_pll/pll.c.o
 .ARM.attributes
                0x000002d4       0x2c CMakeFiles/U4C4O12T.dir/home/emerson/.pico-sdk/sdk/2.1.0/src/rp2_common/hardware_ticks/ticks.c.o
 .ARM.attributes
                0x00000300       0x2c CMakeFiles/U4C4O12T.dir/home/emerson/.pico-sdk/sdk/2.1.0/src/rp2_common/pico_bootrom/bootrom.c.o
 .ARM.attributes
                0x0000032c       0x2c CMakeFiles/U4C4O12T.dir/home/emerson/.pico-sdk/sdk/2.1.0/src/rp2_common/hardware_xosc/xosc.c.o
 .ARM.attributes
                0x00000358       0x2c CMakeFiles/U4C4O12T.dir/home/emerson/.pico-sdk/sdk/2.1.0/src/rp2_common/pico_runtime/runtime.c.o
 .ARM.attributes
                0x00000384       0x2c CMakeFiles/U4C4O12T.dir/home/emerson/.pico-sdk/sdk/2.1.0/src/rp2_common/pico_runtime_init/runtime_init.c.o
 .ARM.attributes
                0x000003b0       0x2c CMakeFiles/U4C4O12T.dir/home/emerson/.pico-sdk/sdk/2.1.0/src/rp2_common/pico_runtime_init/runtime_init_clocks.c.o
 .ARM.attributes
                0x000003dc       0x22 CMakeFiles/U4C4O12T.dir/home/emerson/.pico-sdk/sdk/2.1.0/src/rp2_common/pico_bit_ops/bit_ops_aeabi.S.o
 .ARM.attributes
                0x000003fe       0x22 CMakeFiles/U4C4O12T.dir/home/emerson/.pico-sdk/sdk/2.1.0/src/rp2_common/pico_divider/divider_hardware.S.o
 .ARM.attributes
                0x00000420       0x22 CMakeFiles/U4C4O12T.dir/home/emerson/.pico-sdk/sdk/2.1.0/src/rp2_common/pico_double/double_aeabi_rp2040.S.o
 .ARM.attributes
                0x00000442       0x2c CMakeFiles/U4C4O12T.dir/home/emerson/.pico-sdk/sdk/2.1.0/src/rp2_common/pico_double/double_init_rom_rp2040.c.o
 .ARM.attributes
                0x0000046e       0x22 CMakeFiles/U4C4O12T.dir/home/emerson/.pico-sdk/sdk/2.1.0/src/rp2_common/pico_double/double_v1_rom_shim_rp2040.S.o
 .ARM.attributes
                0x00000490       0x22 CMakeFiles/U4C4O12T.dir/home/emerson/.pico-sdk/sdk/2.1.0/src/rp2_common/pico_int64_ops/pico_int64_ops_aeabi.S.o
 .ARM.attributes
                0x000004b2       0x22 CMakeFiles/U4C4O12T.dir/home/emerson/.pico-sdk/sdk/2.1.0/src/rp2_common/pico_float/float_aeabi_rp2040.S.o
 .ARM.attributes
                0x000004d4       0x2c CMakeFiles/U4C4O12T.dir/home/emerson/.pico-sdk/sdk/2.1.0/src/rp2_common/pico_float/float_init_rom_rp2040.c.o
 .ARM.attributes
                0x00000500       0x22 CMakeFiles/U4C4O12T.dir/home/emerson/.pico-sdk/sdk/2.1.0/src/rp2_common/pico_mem_ops/mem_ops_aeabi.S.o
 .ARM.attributes
                0x00000522       0x2c CMakeFiles/U4C4O12T.dir/home/emerson/.pico-sdk/sdk/2.1.0/src/rp2_common/pico_standard_binary_info/standard_binary_info.c.o
 .ARM.attributes
                0x0000054e       0x2c CMakeFiles/U4C4O12T.dir/home/emerson/.pico-sdk/sdk/2.1.0/src/rp2_common/pico_printf/printf.c.o
 .ARM.attributes
                0x0000057a       0x22 CMakeFiles/U4C4O12T.dir/home/emerson/.pico-sdk/sdk/2.1.0/src/rp2_common/pico_crt0/crt0.S.o
 .ARM.attributes
                0x0000059c       0x2c CMakeFiles/U4C4O12T.dir/home/emerson/.pico-sdk/sdk/2.1.0/src/rp2_common/pico_clib_interface/newlib_interface.c.o
 .ARM.attributes
                0x000005c8       0x2c CMakeFiles/U4C4O12T.dir/home/emerson/.pico-sdk/sdk/2.1.0/src/rp2_common/pico_stdio/stdio.c.o
 .ARM.attributes
                0x000005f4       0x2c CMakeFiles/U4C4O12T.dir/home/emerson/.pico-sdk/sdk/2.1.0/src/rp2_common/pico_stdio_uart/stdio_uart.c.o
 .ARM.attributes
                0x00000620       0x2c CMakeFiles/U4C4O12T.dir/home/emerson/.pico-sdk/sdk/2.1.0/src/rp2_common/pico_unique_id/unique_id.c.o
 .ARM.attributes
                0x0000064c       0x2c CMakeFiles/U4C4O12T.dir/home/emerson/.pico-sdk/sdk/2.1.0/src/rp2_common/hardware_flash/flash.c.o
 .ARM.attributes
                0x00000678       0x22 pico-sdk/src/rp2040/boot_stage2/CMakeFiles/bs2_default_library.dir/bs2_default_padded_checksummed.S.o
 .ARM.attributes
                0x0000069a       0x1e /home/emerson/.pico-sdk/toolchain/13_3_Rel1/bin/../lib/gcc/arm-none-eabi/13.3.1/thumb/v6-m/nofp/libgcc.a(_dvmd_tls.o)
 .ARM.attributes
                0x000006b8       0x2c /home/emerson/.pico-sdk/toolchain/13_3_Rel1/bin/../lib/gcc/arm-none-eabi/13.3.1/../../../../arm-none-eabi/lib/thumb/v6-m/nofp/libg.a(libc_a-strlen-stub.o)
 .ARM.attributes
                0x000006e4       0x2c /home/emerson/.pico-sdk/toolchain/13_3_Rel1/bin/../lib/gcc/arm-none-eabi/13.3.1/thumb/v6-m/nofp/crtend.o

.comment        0x00000000       0x45
 .comment       0x00000000       0x45 CMakeFiles/U4C4O12T.dir/main.c.o
                                 0x46 (size before relaxing)
 .comment       0x00000045       0x46 CMakeFiles/U4C4O12T.dir/home/emerson/.pico-sdk/sdk/2.1.0/src/rp2_common/hardware_gpio/gpio.c.o
 .comment       0x00000045       0x46 CMakeFiles/U4C4O12T.dir/home/emerson/.pico-sdk/sdk/2.1.0/src/rp2_common/pico_platform_panic/panic.c.o
 .comment       0x00000045       0x46 CMakeFiles/U4C4O12T.dir/home/emerson/.pico-sdk/sdk/2.1.0/src/common/hardware_claim/claim.c.o
 .comment       0x00000045       0x46 CMakeFiles/U4C4O12T.dir/home/emerson/.pico-sdk/sdk/2.1.0/src/rp2_common/hardware_sync/sync.c.o
 .comment       0x00000045       0x46 CMakeFiles/U4C4O12T.dir/home/emerson/.pico-sdk/sdk/2.1.0/src/rp2_common/hardware_sync_spin_lock/sync_spin_lock.c.o
 .comment       0x00000045       0x46 CMakeFiles/U4C4O12T.dir/home/emerson/.pico-sdk/sdk/2.1.0/src/rp2_common/hardware_irq/irq.c.o
 .comment       0x00000045       0x46 CMakeFiles/U4C4O12T.dir/home/emerson/.pico-sdk/sdk/2.1.0/src/common/pico_sync/lock_core.c.o
 .comment       0x00000045       0x46 CMakeFiles/U4C4O12T.dir/home/emerson/.pico-sdk/sdk/2.1.0/src/common/pico_sync/mutex.c.o
 .comment       0x00000045       0x46 CMakeFiles/U4C4O12T.dir/home/emerson/.pico-sdk/sdk/2.1.0/src/common/pico_time/time.c.o
 .comment       0x00000045       0x46 CMakeFiles/U4C4O12T.dir/home/emerson/.pico-sdk/sdk/2.1.0/src/rp2_common/hardware_timer/timer.c.o
 .comment       0x00000045       0x46 CMakeFiles/U4C4O12T.dir/home/emerson/.pico-sdk/sdk/2.1.0/src/rp2_common/hardware_uart/uart.c.o
 .comment       0x00000045       0x46 CMakeFiles/U4C4O12T.dir/home/emerson/.pico-sdk/sdk/2.1.0/src/rp2_common/hardware_clocks/clocks.c.o
 .comment       0x00000045       0x46 CMakeFiles/U4C4O12T.dir/home/emerson/.pico-sdk/sdk/2.1.0/src/rp2_common/hardware_pll/pll.c.o
 .comment       0x00000045       0x46 CMakeFiles/U4C4O12T.dir/home/emerson/.pico-sdk/sdk/2.1.0/src/rp2_common/hardware_ticks/ticks.c.o
 .comment       0x00000045       0x46 CMakeFiles/U4C4O12T.dir/home/emerson/.pico-sdk/sdk/2.1.0/src/rp2_common/pico_bootrom/bootrom.c.o
 .comment       0x00000045       0x46 CMakeFiles/U4C4O12T.dir/home/emerson/.pico-sdk/sdk/2.1.0/src/rp2_common/hardware_xosc/xosc.c.o
 .comment       0x00000045       0x46 CMakeFiles/U4C4O12T.dir/home/emerson/.pico-sdk/sdk/2.1.0/src/rp2_common/pico_runtime/runtime.c.o
 .comment       0x00000045       0x46 CMakeFiles/U4C4O12T.dir/home/emerson/.pico-sdk/sdk/2.1.0/src/rp2_common/pico_runtime_init/runtime_init.c.o
 .comment       0x00000045       0x46 CMakeFiles/U4C4O12T.dir/home/emerson/.pico-sdk/sdk/2.1.0/src/rp2_common/pico_runtime_init/runtime_init_clocks.c.o
 .comment       0x00000045       0x46 CMakeFiles/U4C4O12T.dir/home/emerson/.pico-sdk/sdk/2.1.0/src/rp2_common/pico_double/double_init_rom_rp2040.c.o
 .comment       0x00000045       0x46 CMakeFiles/U4C4O12T.dir/home/emerson/.pico-sdk/sdk/2.1.0/src/rp2_common/pico_float/float_init_rom_rp2040.c.o
 .comment       0x00000045       0x46 CMakeFiles/U4C4O12T.dir/home/emerson/.pico-sdk/sdk/2.1.0/src/rp2_common/pico_standard_binary_info/standard_binary_info.c.o
 .comment       0x00000045       0x46 CMakeFiles/U4C4O12T.dir/home/emerson/.pico-sdk/sdk/2.1.0/src/rp2_common/pico_printf/printf.c.o
 .comment       0x00000045       0x46 CMakeFiles/U4C4O12T.dir/home/emerson/.pico-sdk/sdk/2.1.0/src/rp2_common/pico_clib_interface/newlib_interface.c.o
 .comment       0x00000045       0x46 CMakeFiles/U4C4O12T.dir/home/emerson/.pico-sdk/sdk/2.1.0/src/rp2_common/pico_stdio/stdio.c.o
 .comment       0x00000045       0x46 CMakeFiles/U4C4O12T.dir/home/emerson/.pico-sdk/sdk/2.1.0/src/rp2_common/pico_stdio_uart/stdio_uart.c.o
 .comment       0x00000045       0x46 CMakeFiles/U4C4O12T.dir/home/emerson/.pico-sdk/sdk/2.1.0/src/rp2_common/pico_unique_id/unique_id.c.o
 .comment       0x00000045       0x46 CMakeFiles/U4C4O12T.dir/home/emerson/.pico-sdk/sdk/2.1.0/src/rp2_common/hardware_flash/flash.c.o

.debug_info     0x00000000    0x1816a
 .debug_info    0x00000000      0xdb9 CMakeFiles/U4C4O12T.dir/main.c.o
 .debug_info    0x00000db9     0x1d3f CMakeFiles/U4C4O12T.dir/home/emerson/.pico-sdk/sdk/2.1.0/src/rp2_common/hardware_gpio/gpio.c.o
 .debug_info    0x00002af8      0x1b4 CMakeFiles/U4C4O12T.dir/home/emerson/.pico-sdk/sdk/2.1.0/src/rp2_common/pico_platform_panic/panic.c.o
 .debug_info    0x00002cac      0x6b1 CMakeFiles/U4C4O12T.dir/home/emerson/.pico-sdk/sdk/2.1.0/src/common/hardware_claim/claim.c.o
 .debug_info    0x0000335d      0x465 CMakeFiles/U4C4O12T.dir/home/emerson/.pico-sdk/sdk/2.1.0/src/rp2_common/hardware_sync/sync.c.o
 .debug_info    0x000037c2      0x2f7 CMakeFiles/U4C4O12T.dir/home/emerson/.pico-sdk/sdk/2.1.0/src/rp2_common/hardware_sync_spin_lock/sync_spin_lock.c.o
 .debug_info    0x00003ab9     0x1fe9 CMakeFiles/U4C4O12T.dir/home/emerson/.pico-sdk/sdk/2.1.0/src/rp2_common/hardware_irq/irq.c.o
 .debug_info    0x00005aa2      0x1af CMakeFiles/U4C4O12T.dir/home/emerson/.pico-sdk/sdk/2.1.0/src/common/pico_sync/lock_core.c.o
 .debug_info    0x00005c51     0x1e7c CMakeFiles/U4C4O12T.dir/home/emerson/.pico-sdk/sdk/2.1.0/src/common/pico_sync/mutex.c.o
 .debug_info    0x00007acd     0x3550 CMakeFiles/U4C4O12T.dir/home/emerson/.pico-sdk/sdk/2.1.0/src/common/pico_time/time.c.o
 .debug_info    0x0000b01d     0x19ce CMakeFiles/U4C4O12T.dir/home/emerson/.pico-sdk/sdk/2.1.0/src/rp2_common/hardware_timer/timer.c.o
 .debug_info    0x0000c9eb     0x12e5 CMakeFiles/U4C4O12T.dir/home/emerson/.pico-sdk/sdk/2.1.0/src/rp2_common/hardware_uart/uart.c.o
 .debug_info    0x0000dcd0     0x1521 CMakeFiles/U4C4O12T.dir/home/emerson/.pico-sdk/sdk/2.1.0/src/rp2_common/hardware_clocks/clocks.c.o
 .debug_info    0x0000f1f1      0x64f CMakeFiles/U4C4O12T.dir/home/emerson/.pico-sdk/sdk/2.1.0/src/rp2_common/hardware_pll/pll.c.o
 .debug_info    0x0000f840      0x2b2 CMakeFiles/U4C4O12T.dir/home/emerson/.pico-sdk/sdk/2.1.0/src/rp2_common/hardware_ticks/ticks.c.o
 .debug_info    0x0000faf2      0x45a CMakeFiles/U4C4O12T.dir/home/emerson/.pico-sdk/sdk/2.1.0/src/rp2_common/pico_bootrom/bootrom.c.o
 .debug_info    0x0000ff4c      0x1d0 CMakeFiles/U4C4O12T.dir/home/emerson/.pico-sdk/sdk/2.1.0/src/rp2_common/hardware_xosc/xosc.c.o
 .debug_info    0x0001011c      0x1bc CMakeFiles/U4C4O12T.dir/home/emerson/.pico-sdk/sdk/2.1.0/src/rp2_common/pico_runtime/runtime.c.o
 .debug_info    0x000102d8      0x7ad CMakeFiles/U4C4O12T.dir/home/emerson/.pico-sdk/sdk/2.1.0/src/rp2_common/pico_runtime_init/runtime_init.c.o
 .debug_info    0x00010a85      0x765 CMakeFiles/U4C4O12T.dir/home/emerson/.pico-sdk/sdk/2.1.0/src/rp2_common/pico_runtime_init/runtime_init_clocks.c.o
 .debug_info    0x000111ea       0x23 CMakeFiles/U4C4O12T.dir/home/emerson/.pico-sdk/sdk/2.1.0/src/rp2_common/pico_bit_ops/bit_ops_aeabi.S.o
 .debug_info    0x0001120d       0x23 CMakeFiles/U4C4O12T.dir/home/emerson/.pico-sdk/sdk/2.1.0/src/rp2_common/pico_divider/divider_hardware.S.o
 .debug_info    0x00011230       0x23 CMakeFiles/U4C4O12T.dir/home/emerson/.pico-sdk/sdk/2.1.0/src/rp2_common/pico_double/double_aeabi_rp2040.S.o